[2020-09-11T01:30:27.191-0800][gc,heap] Heap region size: 1M
[2020-09-11T01:30:27.191-0800][gc,heap,coops] Heap address: 0x00000007e0000000, size: 512 MB, Compressed Oops mode: Zero based, Oop shift amount: 3
[2020-09-11T01:30:27.195-0800][gc           ] Using G1
[2020-09-11T01:30:27.195-0800][gc,cds       ] Mark closed archive regions in map: [0x00000007fff00000, 0x00000007fff7aff8]
[2020-09-11T01:30:27.195-0800][gc,cds       ] Mark open archive regions in map: [0x00000007ffe00000, 0x00000007ffe50ff8]
[2020-09-11T01:30:27.210-0800][gc           ] Periodic GC disabled
[2020-09-11T01:30:33.440-0800][gc,start     ] GC(0) Pause Young (Normal) (G1 Evacuation Pause)
[2020-09-11T01:30:33.441-0800][gc,task      ] GC(0) Using 8 workers of 8 for evacuation
[2020-09-11T01:30:33.447-0800][gc,phases    ] GC(0)   Pre Evacuate Collection Set: 0.1ms
[2020-09-11T01:30:33.447-0800][gc,phases    ] GC(0)   Merge Heap Roots: 0.0ms
[2020-09-11T01:30:33.447-0800][gc,phases    ] GC(0)   Evacuate Collection Set: 5.4ms
[2020-09-11T01:30:33.447-0800][gc,phases    ] GC(0)   Post Evacuate Collection Set: 1.0ms
[2020-09-11T01:30:33.448-0800][gc,phases    ] GC(0)   Other: 0.6ms
[2020-09-11T01:30:33.448-0800][gc,heap      ] GC(0) Eden regions: 256->0(249)
[2020-09-11T01:30:33.448-0800][gc,heap      ] GC(0) Survivor regions: 0->7(32)
[2020-09-11T01:30:33.448-0800][gc,heap      ] GC(0) Old regions: 0->0
[2020-09-11T01:30:33.448-0800][gc,heap      ] GC(0) Archive regions: 2->2
[2020-09-11T01:30:33.448-0800][gc,heap      ] GC(0) Humongous regions: 0->0
[2020-09-11T01:30:33.448-0800][gc,metaspace ] GC(0) Metaspace: 18148K(18944K)->18148K(18944K) NonClass: 15913K(16384K)->15913K(16384K) Class: 2235K(2560K)->2235K(2560K)
[2020-09-11T01:30:33.448-0800][gc           ] GC(0) Pause Young (Normal) (G1 Evacuation Pause) 256M->7M(512M) 7.362ms
[2020-09-11T01:30:33.448-0800][gc,cpu       ] GC(0) User=0.04s Sys=0.01s Real=0.00s
[2020-09-11T01:30:33.786-0800][gc,start     ] GC(1) Pause Young (Concurrent Start) (Metadata GC Threshold)
[2020-09-11T01:30:33.786-0800][gc,task      ] GC(1) Using 8 workers of 8 for evacuation
[2020-09-11T01:30:33.790-0800][gc,phases    ] GC(1)   Pre Evacuate Collection Set: 0.1ms
[2020-09-11T01:30:33.790-0800][gc,phases    ] GC(1)   Merge Heap Roots: 0.0ms
[2020-09-11T01:30:33.790-0800][gc,phases    ] GC(1)   Evacuate Collection Set: 3.8ms
[2020-09-11T01:30:33.790-0800][gc,phases    ] GC(1)   Post Evacuate Collection Set: 0.6ms
[2020-09-11T01:30:33.790-0800][gc,phases    ] GC(1)   Other: 0.2ms
[2020-09-11T01:30:33.790-0800][gc,heap      ] GC(1) Eden regions: 103->0(248)
[2020-09-11T01:30:33.790-0800][gc,heap      ] GC(1) Survivor regions: 7->8(32)
[2020-09-11T01:30:33.790-0800][gc,heap      ] GC(1) Old regions: 0->0
[2020-09-11T01:30:33.790-0800][gc,heap      ] GC(1) Archive regions: 2->2
[2020-09-11T01:30:33.790-0800][gc,heap      ] GC(1) Humongous regions: 0->0
[2020-09-11T01:30:33.790-0800][gc,metaspace ] GC(1) Metaspace: 20605K(21248K)->20605K(21248K) NonClass: 18043K(18432K)->18043K(18432K) Class: 2561K(2816K)->2561K(2816K)
[2020-09-11T01:30:33.790-0800][gc           ] GC(1) Pause Young (Concurrent Start) (Metadata GC Threshold) 110M->8M(512M) 4.865ms
[2020-09-11T01:30:33.790-0800][gc,cpu       ] GC(1) User=0.03s Sys=0.00s Real=0.01s
[2020-09-11T01:30:33.790-0800][gc           ] GC(2) Concurrent Cycle
[2020-09-11T01:30:33.790-0800][gc,marking   ] GC(2) Concurrent Clear Claimed Marks
[2020-09-11T01:30:33.791-0800][gc,marking   ] GC(2) Concurrent Clear Claimed Marks 0.049ms
[2020-09-11T01:30:33.791-0800][gc,marking   ] GC(2) Concurrent Scan Root Regions
[2020-09-11T01:30:33.793-0800][gc,marking   ] GC(2) Concurrent Scan Root Regions 2.753ms
[2020-09-11T01:30:33.793-0800][gc,marking   ] GC(2) Concurrent Mark (6.608s)
[2020-09-11T01:30:33.793-0800][gc,marking   ] GC(2) Concurrent Mark From Roots
[2020-09-11T01:30:33.793-0800][gc,task      ] GC(2) Using 2 workers of 2 for marking
[2020-09-11T01:30:33.794-0800][gc,marking   ] GC(2) Concurrent Mark From Roots 0.972ms
[2020-09-11T01:30:33.794-0800][gc,marking   ] GC(2) Concurrent Preclean
[2020-09-11T01:30:33.794-0800][gc,marking   ] GC(2) Concurrent Preclean 0.024ms
[2020-09-11T01:30:33.794-0800][gc,marking   ] GC(2) Concurrent Mark (6.608s, 6.609s) 1.060ms
[2020-09-11T01:30:33.795-0800][gc,start     ] GC(2) Pause Remark
[2020-09-11T01:30:33.796-0800][gc           ] GC(2) Pause Remark 9M->9M(512M) 1.170ms
[2020-09-11T01:30:33.796-0800][gc,cpu       ] GC(2) User=0.01s Sys=0.00s Real=0.00s
[2020-09-11T01:30:33.796-0800][gc,marking   ] GC(2) Concurrent Rebuild Remembered Sets
[2020-09-11T01:30:33.796-0800][gc,marking   ] GC(2) Concurrent Rebuild Remembered Sets 0.364ms
[2020-09-11T01:30:33.797-0800][gc,start     ] GC(2) Pause Cleanup
[2020-09-11T01:30:33.797-0800][gc           ] GC(2) Pause Cleanup 9M->9M(512M) 0.094ms
[2020-09-11T01:30:33.797-0800][gc,cpu       ] GC(2) User=0.00s Sys=0.00s Real=0.00s
[2020-09-11T01:30:33.797-0800][gc,marking   ] GC(2) Concurrent Cleanup for Next Mark
[2020-09-11T01:30:33.800-0800][gc,marking   ] GC(2) Concurrent Cleanup for Next Mark 2.979ms
[2020-09-11T01:30:33.800-0800][gc           ] GC(2) Concurrent Cycle 9.269ms
[2020-09-11T01:30:34.777-0800][gc,start     ] GC(3) Pause Young (Normal) (G1 Evacuation Pause)
[2020-09-11T01:30:34.777-0800][gc,task      ] GC(3) Using 8 workers of 8 for evacuation
[2020-09-11T01:30:34.784-0800][gc,phases    ] GC(3)   Pre Evacuate Collection Set: 0.1ms
[2020-09-11T01:30:34.784-0800][gc,phases    ] GC(3)   Merge Heap Roots: 0.1ms
[2020-09-11T01:30:34.784-0800][gc,phases    ] GC(3)   Evacuate Collection Set: 6.4ms
[2020-09-11T01:30:34.784-0800][gc,phases    ] GC(3)   Post Evacuate Collection Set: 0.8ms
[2020-09-11T01:30:34.784-0800][gc,phases    ] GC(3)   Other: 0.1ms
[2020-09-11T01:30:34.784-0800][gc,heap      ] GC(3) Eden regions: 248->0(243)
[2020-09-11T01:30:34.784-0800][gc,heap      ] GC(3) Survivor regions: 8->13(32)
[2020-09-11T01:30:34.784-0800][gc,heap      ] GC(3) Old regions: 0->0
[2020-09-11T01:30:34.784-0800][gc,heap      ] GC(3) Archive regions: 2->2
[2020-09-11T01:30:34.784-0800][gc,heap      ] GC(3) Humongous regions: 0->0
[2020-09-11T01:30:34.784-0800][gc,metaspace ] GC(3) Metaspace: 23749K(24704K)->23749K(24704K) NonClass: 20852K(21504K)->20852K(21504K) Class: 2896K(3200K)->2896K(3200K)
[2020-09-11T01:30:34.784-0800][gc           ] GC(3) Pause Young (Normal) (G1 Evacuation Pause) 256M->12M(512M) 7.638ms
[2020-09-11T01:30:34.784-0800][gc,cpu       ] GC(3) User=0.04s Sys=0.01s Real=0.01s
[2020-09-11T01:30:35.739-0800][gc,start     ] GC(4) Pause Young (Normal) (G1 Evacuation Pause)
[2020-09-11T01:30:35.739-0800][gc,task      ] GC(4) Using 8 workers of 8 for evacuation
[2020-09-11T01:30:35.747-0800][gc,phases    ] GC(4)   Pre Evacuate Collection Set: 0.1ms
[2020-09-11T01:30:35.748-0800][gc,phases    ] GC(4)   Merge Heap Roots: 0.0ms
[2020-09-11T01:30:35.748-0800][gc,phases    ] GC(4)   Evacuate Collection Set: 7.4ms
[2020-09-11T01:30:35.748-0800][gc,phases    ] GC(4)   Post Evacuate Collection Set: 1.0ms
[2020-09-11T01:30:35.748-0800][gc,phases    ] GC(4)   Other: 0.1ms
[2020-09-11T01:30:35.748-0800][gc,heap      ] GC(4) Eden regions: 243->0(240)
[2020-09-11T01:30:35.748-0800][gc,heap      ] GC(4) Survivor regions: 13->16(32)
[2020-09-11T01:30:35.748-0800][gc,heap      ] GC(4) Old regions: 0->0
[2020-09-11T01:30:35.748-0800][gc,heap      ] GC(4) Archive regions: 2->2
[2020-09-11T01:30:35.748-0800][gc,heap      ] GC(4) Humongous regions: 0->0
[2020-09-11T01:30:35.748-0800][gc,metaspace ] GC(4) Metaspace: 26653K(27776K)->26653K(27776K) NonClass: 23332K(24064K)->23332K(24064K) Class: 3321K(3712K)->3321K(3712K)
[2020-09-11T01:30:35.748-0800][gc           ] GC(4) Pause Young (Normal) (G1 Evacuation Pause) 255M->16M(512M) 8.775ms
[2020-09-11T01:30:35.748-0800][gc,cpu       ] GC(4) User=0.07s Sys=0.00s Real=0.01s
[2020-09-11T01:30:36.845-0800][gc,start     ] GC(5) Pause Young (Concurrent Start) (Metadata GC Threshold)
[2020-09-11T01:30:36.845-0800][gc,task      ] GC(5) Using 8 workers of 8 for evacuation
[2020-09-11T01:30:36.857-0800][gc,phases    ] GC(5)   Pre Evacuate Collection Set: 0.1ms
[2020-09-11T01:30:36.857-0800][gc,phases    ] GC(5)   Merge Heap Roots: 0.0ms
[2020-09-11T01:30:36.857-0800][gc,phases    ] GC(5)   Evacuate Collection Set: 10.5ms
[2020-09-11T01:30:36.857-0800][gc,phases    ] GC(5)   Post Evacuate Collection Set: 1.2ms
[2020-09-11T01:30:36.857-0800][gc,phases    ] GC(5)   Other: 0.2ms
[2020-09-11T01:30:36.857-0800][gc,heap      ] GC(5) Eden regions: 159->0(233)
[2020-09-11T01:30:36.857-0800][gc,heap      ] GC(5) Survivor regions: 16->23(32)
[2020-09-11T01:30:36.857-0800][gc,heap      ] GC(5) Old regions: 0->0
[2020-09-11T01:30:36.857-0800][gc,heap      ] GC(5) Archive regions: 2->2
[2020-09-11T01:30:36.857-0800][gc,heap      ] GC(5) Humongous regions: 0->0
[2020-09-11T01:30:36.857-0800][gc,metaspace ] GC(5) Metaspace: 34696K(35840K)->34696K(35840K) NonClass: 30398K(31104K)->30398K(31104K) Class: 4297K(4736K)->4297K(4736K)
[2020-09-11T01:30:36.857-0800][gc           ] GC(5) Pause Young (Concurrent Start) (Metadata GC Threshold) 175M->23M(512M) 12.169ms
[2020-09-11T01:30:36.857-0800][gc,cpu       ] GC(5) User=0.08s Sys=0.00s Real=0.01s
[2020-09-11T01:30:36.857-0800][gc           ] GC(6) Concurrent Cycle
[2020-09-11T01:30:36.858-0800][gc,marking   ] GC(6) Concurrent Clear Claimed Marks
[2020-09-11T01:30:36.858-0800][gc,marking   ] GC(6) Concurrent Clear Claimed Marks 0.091ms
[2020-09-11T01:30:36.858-0800][gc,marking   ] GC(6) Concurrent Scan Root Regions
[2020-09-11T01:30:36.865-0800][gc,marking   ] GC(6) Concurrent Scan Root Regions 7.860ms
[2020-09-11T01:30:36.866-0800][gc,marking   ] GC(6) Concurrent Mark (9.680s)
[2020-09-11T01:30:36.866-0800][gc,marking   ] GC(6) Concurrent Mark From Roots
[2020-09-11T01:30:36.866-0800][gc,task      ] GC(6) Using 2 workers of 2 for marking
[2020-09-11T01:30:36.867-0800][gc,marking   ] GC(6) Concurrent Mark From Roots 1.032ms
[2020-09-11T01:30:36.867-0800][gc,marking   ] GC(6) Concurrent Preclean
[2020-09-11T01:30:36.867-0800][gc,marking   ] GC(6) Concurrent Preclean 0.029ms
[2020-09-11T01:30:36.867-0800][gc,marking   ] GC(6) Concurrent Mark (9.680s, 9.681s) 1.151ms
[2020-09-11T01:30:36.867-0800][gc,start     ] GC(6) Pause Remark
[2020-09-11T01:30:36.869-0800][gc           ] GC(6) Pause Remark 24M->24M(512M) 2.049ms
[2020-09-11T01:30:36.869-0800][gc,cpu       ] GC(6) User=0.01s Sys=0.00s Real=0.00s
[2020-09-11T01:30:36.869-0800][gc,marking   ] GC(6) Concurrent Rebuild Remembered Sets
[2020-09-11T01:30:36.869-0800][gc,marking   ] GC(6) Concurrent Rebuild Remembered Sets 0.500ms
[2020-09-11T01:30:36.870-0800][gc,start     ] GC(6) Pause Cleanup
[2020-09-11T01:30:36.870-0800][gc           ] GC(6) Pause Cleanup 24M->24M(512M) 0.086ms
[2020-09-11T01:30:36.870-0800][gc,cpu       ] GC(6) User=0.00s Sys=0.00s Real=0.00s
[2020-09-11T01:30:36.870-0800][gc,marking   ] GC(6) Concurrent Cleanup for Next Mark
[2020-09-11T01:30:36.873-0800][gc,marking   ] GC(6) Concurrent Cleanup for Next Mark 2.897ms
[2020-09-11T01:30:36.873-0800][gc           ] GC(6) Concurrent Cycle 15.348ms
[2020-09-11T01:30:42.089-0800][gc,heap,exit ] Heap
[2020-09-11T01:30:42.089-0800][gc,heap,exit ]  garbage-first heap   total 524288K, used 199472K [0x00000007e0000000, 0x0000000800000000)
[2020-09-11T01:30:42.089-0800][gc,heap,exit ]   region size 1024K, 195 young (199680K), 23 survivors (23552K)
[2020-09-11T01:30:42.089-0800][gc,heap,exit ]  Metaspace       used 44798K, capacity 45860K, committed 46208K, reserved 1089536K
[2020-09-11T01:30:42.089-0800][gc,heap,exit ]   class space    used 5524K, capacity 5905K, committed 6016K, reserved 1048576K
