[2020-09-11T01:29:11.075-0800][gc,heap] Heap region size: 1M
[2020-09-11T01:29:11.075-0800][gc,heap,coops] Heap address: 0x00000007e0000000, size: 512 MB, Compressed Oops mode: Zero based, Oop shift amount: 3
[2020-09-11T01:29:11.079-0800][gc           ] Using G1
[2020-09-11T01:29:11.079-0800][gc,cds       ] Mark closed archive regions in map: [0x00000007fff00000, 0x00000007fff7aff8]
[2020-09-11T01:29:11.079-0800][gc,cds       ] Mark open archive regions in map: [0x00000007ffe00000, 0x00000007ffe50ff8]
[2020-09-11T01:29:11.094-0800][gc           ] Periodic GC disabled
[2020-09-11T01:29:17.367-0800][gc,start     ] GC(0) Pause Young (Normal) (G1 Evacuation Pause)
[2020-09-11T01:29:17.367-0800][gc,task      ] GC(0) Using 8 workers of 8 for evacuation
[2020-09-11T01:29:17.374-0800][gc,phases    ] GC(0)   Pre Evacuate Collection Set: 0.1ms
[2020-09-11T01:29:17.375-0800][gc,phases    ] GC(0)   Merge Heap Roots: 0.0ms
[2020-09-11T01:29:17.375-0800][gc,phases    ] GC(0)   Evacuate Collection Set: 6.0ms
[2020-09-11T01:29:17.375-0800][gc,phases    ] GC(0)   Post Evacuate Collection Set: 0.8ms
[2020-09-11T01:29:17.375-0800][gc,phases    ] GC(0)   Other: 0.6ms
[2020-09-11T01:29:17.375-0800][gc,heap      ] GC(0) Eden regions: 256->0(249)
[2020-09-11T01:29:17.375-0800][gc,heap      ] GC(0) Survivor regions: 0->7(32)
[2020-09-11T01:29:17.375-0800][gc,heap      ] GC(0) Old regions: 0->0
[2020-09-11T01:29:17.375-0800][gc,heap      ] GC(0) Archive regions: 2->2
[2020-09-11T01:29:17.375-0800][gc,heap      ] GC(0) Humongous regions: 0->0
[2020-09-11T01:29:17.375-0800][gc,metaspace ] GC(0) Metaspace: 18246K(18944K)->18246K(18944K) NonClass: 16009K(16384K)->16009K(16384K) Class: 2237K(2560K)->2237K(2560K)
[2020-09-11T01:29:17.375-0800][gc           ] GC(0) Pause Young (Normal) (G1 Evacuation Pause) 256M->7M(512M) 7.738ms
[2020-09-11T01:29:17.375-0800][gc,cpu       ] GC(0) User=0.04s Sys=0.01s Real=0.01s
[2020-09-11T01:29:17.755-0800][gc,start     ] GC(1) Pause Young (Concurrent Start) (Metadata GC Threshold)
[2020-09-11T01:29:17.755-0800][gc,task      ] GC(1) Using 8 workers of 8 for evacuation
[2020-09-11T01:29:17.759-0800][gc,phases    ] GC(1)   Pre Evacuate Collection Set: 0.1ms
[2020-09-11T01:29:17.759-0800][gc,phases    ] GC(1)   Merge Heap Roots: 0.0ms
[2020-09-11T01:29:17.759-0800][gc,phases    ] GC(1)   Evacuate Collection Set: 3.5ms
[2020-09-11T01:29:17.759-0800][gc,phases    ] GC(1)   Post Evacuate Collection Set: 0.5ms
[2020-09-11T01:29:17.759-0800][gc,phases    ] GC(1)   Other: 0.3ms
[2020-09-11T01:29:17.759-0800][gc,heap      ] GC(1) Eden regions: 81->0(247)
[2020-09-11T01:29:17.759-0800][gc,heap      ] GC(1) Survivor regions: 7->9(32)
[2020-09-11T01:29:17.759-0800][gc,heap      ] GC(1) Old regions: 0->0
[2020-09-11T01:29:17.759-0800][gc,heap      ] GC(1) Archive regions: 2->2
[2020-09-11T01:29:17.759-0800][gc,heap      ] GC(1) Humongous regions: 0->0
[2020-09-11T01:29:17.759-0800][gc,metaspace ] GC(1) Metaspace: 20616K(21248K)->20616K(21248K) NonClass: 18056K(18432K)->18056K(18432K) Class: 2559K(2816K)->2559K(2816K)
[2020-09-11T01:29:17.759-0800][gc           ] GC(1) Pause Young (Concurrent Start) (Metadata GC Threshold) 88M->8M(512M) 4.663ms
[2020-09-11T01:29:17.759-0800][gc,cpu       ] GC(1) User=0.03s Sys=0.00s Real=0.00s
[2020-09-11T01:29:17.759-0800][gc           ] GC(2) Concurrent Cycle
[2020-09-11T01:29:17.759-0800][gc,marking   ] GC(2) Concurrent Clear Claimed Marks
[2020-09-11T01:29:17.759-0800][gc,marking   ] GC(2) Concurrent Clear Claimed Marks 0.063ms
[2020-09-11T01:29:17.759-0800][gc,marking   ] GC(2) Concurrent Scan Root Regions
[2020-09-11T01:29:17.763-0800][gc,marking   ] GC(2) Concurrent Scan Root Regions 3.605ms
[2020-09-11T01:29:17.763-0800][gc,marking   ] GC(2) Concurrent Mark (6.694s)
[2020-09-11T01:29:17.763-0800][gc,marking   ] GC(2) Concurrent Mark From Roots
[2020-09-11T01:29:17.763-0800][gc,task      ] GC(2) Using 2 workers of 2 for marking
[2020-09-11T01:29:17.765-0800][gc,marking   ] GC(2) Concurrent Mark From Roots 1.595ms
[2020-09-11T01:29:17.765-0800][gc,marking   ] GC(2) Concurrent Preclean
[2020-09-11T01:29:17.765-0800][gc,marking   ] GC(2) Concurrent Preclean 0.038ms
[2020-09-11T01:29:17.765-0800][gc,marking   ] GC(2) Concurrent Mark (6.694s, 6.696s) 1.770ms
[2020-09-11T01:29:17.765-0800][gc,start     ] GC(2) Pause Remark
[2020-09-11T01:29:17.766-0800][gc           ] GC(2) Pause Remark 9M->9M(512M) 1.083ms
[2020-09-11T01:29:17.766-0800][gc,cpu       ] GC(2) User=0.01s Sys=0.00s Real=0.00s
[2020-09-11T01:29:17.766-0800][gc,marking   ] GC(2) Concurrent Rebuild Remembered Sets
[2020-09-11T01:29:17.767-0800][gc,marking   ] GC(2) Concurrent Rebuild Remembered Sets 0.379ms
[2020-09-11T01:29:17.767-0800][gc,start     ] GC(2) Pause Cleanup
[2020-09-11T01:29:17.767-0800][gc           ] GC(2) Pause Cleanup 9M->9M(512M) 0.080ms
[2020-09-11T01:29:17.767-0800][gc,cpu       ] GC(2) User=0.00s Sys=0.00s Real=0.00s
[2020-09-11T01:29:17.767-0800][gc,marking   ] GC(2) Concurrent Cleanup for Next Mark
[2020-09-11T01:29:17.770-0800][gc,marking   ] GC(2) Concurrent Cleanup for Next Mark 2.940ms
[2020-09-11T01:29:17.770-0800][gc           ] GC(2) Concurrent Cycle 10.972ms
[2020-09-11T01:29:18.899-0800][gc,start     ] GC(3) Pause Young (Normal) (G1 Evacuation Pause)
[2020-09-11T01:29:18.899-0800][gc,task      ] GC(3) Using 8 workers of 8 for evacuation
[2020-09-11T01:29:18.905-0800][gc,phases    ] GC(3)   Pre Evacuate Collection Set: 0.1ms
[2020-09-11T01:29:18.905-0800][gc,phases    ] GC(3)   Merge Heap Roots: 0.0ms
[2020-09-11T01:29:18.905-0800][gc,phases    ] GC(3)   Evacuate Collection Set: 5.1ms
[2020-09-11T01:29:18.905-0800][gc,phases    ] GC(3)   Post Evacuate Collection Set: 0.8ms
[2020-09-11T01:29:18.905-0800][gc,phases    ] GC(3)   Other: 0.1ms
[2020-09-11T01:29:18.905-0800][gc,heap      ] GC(3) Eden regions: 247->0(244)
[2020-09-11T01:29:18.905-0800][gc,heap      ] GC(3) Survivor regions: 9->12(32)
[2020-09-11T01:29:18.905-0800][gc,heap      ] GC(3) Old regions: 0->0
[2020-09-11T01:29:18.905-0800][gc,heap      ] GC(3) Archive regions: 2->2
[2020-09-11T01:29:18.905-0800][gc,heap      ] GC(3) Humongous regions: 0->0
[2020-09-11T01:29:18.905-0800][gc,metaspace ] GC(3) Metaspace: 23767K(24704K)->23767K(24704K) NonClass: 20871K(21504K)->20871K(21504K) Class: 2895K(3200K)->2895K(3200K)
[2020-09-11T01:29:18.905-0800][gc           ] GC(3) Pause Young (Normal) (G1 Evacuation Pause) 255M->12M(512M) 6.157ms
[2020-09-11T01:29:18.905-0800][gc,cpu       ] GC(3) User=0.04s Sys=0.00s Real=0.01s
[2020-09-11T01:29:19.956-0800][gc,start     ] GC(4) Pause Young (Normal) (G1 Evacuation Pause)
[2020-09-11T01:29:19.956-0800][gc,task      ] GC(4) Using 8 workers of 8 for evacuation
[2020-09-11T01:29:19.964-0800][gc,phases    ] GC(4)   Pre Evacuate Collection Set: 0.1ms
[2020-09-11T01:29:19.964-0800][gc,phases    ] GC(4)   Merge Heap Roots: 0.0ms
[2020-09-11T01:29:19.964-0800][gc,phases    ] GC(4)   Evacuate Collection Set: 6.3ms
[2020-09-11T01:29:19.964-0800][gc,phases    ] GC(4)   Post Evacuate Collection Set: 1.3ms
[2020-09-11T01:29:19.964-0800][gc,phases    ] GC(4)   Other: 0.1ms
[2020-09-11T01:29:19.964-0800][gc,heap      ] GC(4) Eden regions: 244->0(240)
[2020-09-11T01:29:19.964-0800][gc,heap      ] GC(4) Survivor regions: 12->16(32)
[2020-09-11T01:29:19.964-0800][gc,heap      ] GC(4) Old regions: 0->0
[2020-09-11T01:29:19.964-0800][gc,heap      ] GC(4) Archive regions: 2->2
[2020-09-11T01:29:19.964-0800][gc,heap      ] GC(4) Humongous regions: 0->0
[2020-09-11T01:29:19.964-0800][gc,metaspace ] GC(4) Metaspace: 26687K(27776K)->26687K(27776K) NonClass: 23364K(24064K)->23364K(24064K) Class: 3322K(3712K)->3322K(3712K)
[2020-09-11T01:29:19.964-0800][gc           ] GC(4) Pause Young (Normal) (G1 Evacuation Pause) 256M->16M(512M) 8.113ms
[2020-09-11T01:29:19.964-0800][gc,cpu       ] GC(4) User=0.04s Sys=0.00s Real=0.01s
[2020-09-11T01:29:21.132-0800][gc,start     ] GC(5) Pause Young (Concurrent Start) (Metadata GC Threshold)
[2020-09-11T01:29:21.132-0800][gc,task      ] GC(5) Using 8 workers of 8 for evacuation
[2020-09-11T01:29:21.149-0800][gc,phases    ] GC(5)   Pre Evacuate Collection Set: 0.3ms
[2020-09-11T01:29:21.149-0800][gc,phases    ] GC(5)   Merge Heap Roots: 0.1ms
[2020-09-11T01:29:21.149-0800][gc,phases    ] GC(5)   Evacuate Collection Set: 14.4ms
[2020-09-11T01:29:21.149-0800][gc,phases    ] GC(5)   Post Evacuate Collection Set: 1.5ms
[2020-09-11T01:29:21.149-0800][gc,phases    ] GC(5)   Other: 0.2ms
[2020-09-11T01:29:21.149-0800][gc,heap      ] GC(5) Eden regions: 159->0(233)
[2020-09-11T01:29:21.149-0800][gc,heap      ] GC(5) Survivor regions: 16->23(32)
[2020-09-11T01:29:21.149-0800][gc,heap      ] GC(5) Old regions: 0->0
[2020-09-11T01:29:21.149-0800][gc,heap      ] GC(5) Archive regions: 2->2
[2020-09-11T01:29:21.149-0800][gc,heap      ] GC(5) Humongous regions: 0->0
[2020-09-11T01:29:21.149-0800][gc,metaspace ] GC(5) Metaspace: 34721K(35840K)->34721K(35840K) NonClass: 30426K(31104K)->30426K(31104K) Class: 4295K(4736K)->4295K(4736K)
[2020-09-11T01:29:21.149-0800][gc           ] GC(5) Pause Young (Concurrent Start) (Metadata GC Threshold) 175M->23M(512M) 16.571ms
[2020-09-11T01:29:21.149-0800][gc,cpu       ] GC(5) User=0.08s Sys=0.00s Real=0.01s
[2020-09-11T01:29:21.149-0800][gc           ] GC(6) Concurrent Cycle
[2020-09-11T01:29:21.149-0800][gc,marking   ] GC(6) Concurrent Clear Claimed Marks
[2020-09-11T01:29:21.149-0800][gc,marking   ] GC(6) Concurrent Clear Claimed Marks 0.083ms
[2020-09-11T01:29:21.149-0800][gc,marking   ] GC(6) Concurrent Scan Root Regions
[2020-09-11T01:29:21.159-0800][gc,marking   ] GC(6) Concurrent Scan Root Regions 9.986ms
[2020-09-11T01:29:21.159-0800][gc,marking   ] GC(6) Concurrent Mark (10.090s)
[2020-09-11T01:29:21.159-0800][gc,marking   ] GC(6) Concurrent Mark From Roots
[2020-09-11T01:29:21.159-0800][gc,task      ] GC(6) Using 2 workers of 2 for marking
[2020-09-11T01:29:21.161-0800][gc,marking   ] GC(6) Concurrent Mark From Roots 1.505ms
[2020-09-11T01:29:21.161-0800][gc,marking   ] GC(6) Concurrent Preclean
[2020-09-11T01:29:21.161-0800][gc,marking   ] GC(6) Concurrent Preclean 0.110ms
[2020-09-11T01:29:21.161-0800][gc,marking   ] GC(6) Concurrent Mark (10.090s, 10.092s) 1.689ms
[2020-09-11T01:29:21.161-0800][gc,start     ] GC(6) Pause Remark
[2020-09-11T01:29:21.164-0800][gc           ] GC(6) Pause Remark 24M->24M(512M) 3.143ms
[2020-09-11T01:29:21.164-0800][gc,cpu       ] GC(6) User=0.01s Sys=0.00s Real=0.00s
[2020-09-11T01:29:21.164-0800][gc,marking   ] GC(6) Concurrent Rebuild Remembered Sets
[2020-09-11T01:29:21.165-0800][gc,marking   ] GC(6) Concurrent Rebuild Remembered Sets 0.638ms
[2020-09-11T01:29:21.165-0800][gc,start     ] GC(6) Pause Cleanup
[2020-09-11T01:29:21.166-0800][gc           ] GC(6) Pause Cleanup 24M->24M(512M) 0.144ms
[2020-09-11T01:29:21.166-0800][gc,cpu       ] GC(6) User=0.00s Sys=0.00s Real=0.00s
[2020-09-11T01:29:21.166-0800][gc,marking   ] GC(6) Concurrent Cleanup for Next Mark
[2020-09-11T01:29:21.169-0800][gc,marking   ] GC(6) Concurrent Cleanup for Next Mark 3.340ms
[2020-09-11T01:29:21.169-0800][gc           ] GC(6) Concurrent Cycle 19.983ms
[2020-09-11T01:29:22.851-0800][gc,start     ] GC(7) Pause Young (Normal) (G1 Evacuation Pause)
[2020-09-11T01:29:22.851-0800][gc,task      ] GC(7) Using 8 workers of 8 for evacuation
[2020-09-11T01:29:22.867-0800][gc,phases    ] GC(7)   Pre Evacuate Collection Set: 0.1ms
[2020-09-11T01:29:22.868-0800][gc,phases    ] GC(7)   Merge Heap Roots: 0.0ms
[2020-09-11T01:29:22.868-0800][gc,phases    ] GC(7)   Evacuate Collection Set: 15.0ms
[2020-09-11T01:29:22.868-0800][gc,phases    ] GC(7)   Post Evacuate Collection Set: 1.7ms
[2020-09-11T01:29:22.868-0800][gc,phases    ] GC(7)   Other: 0.1ms
[2020-09-11T01:29:22.868-0800][gc,heap      ] GC(7) Eden regions: 233->0(234)
[2020-09-11T01:29:22.868-0800][gc,heap      ] GC(7) Survivor regions: 23->22(32)
[2020-09-11T01:29:22.868-0800][gc,heap      ] GC(7) Old regions: 0->7
[2020-09-11T01:29:22.868-0800][gc,heap      ] GC(7) Archive regions: 2->2
[2020-09-11T01:29:22.868-0800][gc,heap      ] GC(7) Humongous regions: 0->0
[2020-09-11T01:29:22.868-0800][gc,metaspace ] GC(7) Metaspace: 46189K(47488K)->46189K(47488K) NonClass: 40602K(41472K)->40602K(41472K) Class: 5587K(6016K)->5587K(6016K)
[2020-09-11T01:29:22.868-0800][gc           ] GC(7) Pause Young (Normal) (G1 Evacuation Pause) 256M->29M(512M) 17.067ms
[2020-09-11T01:29:22.868-0800][gc,cpu       ] GC(7) User=0.09s Sys=0.01s Real=0.01s
[2020-09-11T01:29:29.622-0800][gc,start     ] GC(8) Pause Young (Concurrent Start) (Metadata GC Threshold)
[2020-09-11T01:29:29.622-0800][gc,task      ] GC(8) Using 8 workers of 8 for evacuation
[2020-09-11T01:29:29.633-0800][gc,phases    ] GC(8)   Pre Evacuate Collection Set: 0.2ms
[2020-09-11T01:29:29.634-0800][gc,phases    ] GC(8)   Merge Heap Roots: 0.1ms
[2020-09-11T01:29:29.634-0800][gc,phases    ] GC(8)   Evacuate Collection Set: 10.3ms
[2020-09-11T01:29:29.634-0800][gc,phases    ] GC(8)   Post Evacuate Collection Set: 1.1ms
[2020-09-11T01:29:29.634-0800][gc,phases    ] GC(8)   Other: 0.2ms
[2020-09-11T01:29:29.634-0800][gc,heap      ] GC(8) Eden regions: 212->0(230)
[2020-09-11T01:29:29.634-0800][gc,heap      ] GC(8) Survivor regions: 22->26(32)
[2020-09-11T01:29:29.634-0800][gc,heap      ] GC(8) Old regions: 7->11
[2020-09-11T01:29:29.634-0800][gc,heap      ] GC(8) Archive regions: 2->2
[2020-09-11T01:29:29.634-0800][gc,heap      ] GC(8) Humongous regions: 5->5
[2020-09-11T01:29:29.634-0800][gc,metaspace ] GC(8) Metaspace: 58537K(60160K)->58537K(60160K) NonClass: 51431K(52480K)->51431K(52480K) Class: 7106K(7680K)->7106K(7680K)
[2020-09-11T01:29:29.634-0800][gc           ] GC(8) Pause Young (Concurrent Start) (Metadata GC Threshold) 245M->42M(512M) 11.856ms
[2020-09-11T01:29:29.634-0800][gc,cpu       ] GC(8) User=0.08s Sys=0.00s Real=0.01s
[2020-09-11T01:29:29.634-0800][gc           ] GC(9) Concurrent Cycle
[2020-09-11T01:29:29.634-0800][gc,marking   ] GC(9) Concurrent Clear Claimed Marks
[2020-09-11T01:29:29.634-0800][gc,marking   ] GC(9) Concurrent Clear Claimed Marks 0.105ms
[2020-09-11T01:29:29.634-0800][gc,marking   ] GC(9) Concurrent Scan Root Regions
[2020-09-11T01:29:29.647-0800][gc,marking   ] GC(9) Concurrent Scan Root Regions 13.062ms
[2020-09-11T01:29:29.647-0800][gc,marking   ] GC(9) Concurrent Mark (18.578s)
[2020-09-11T01:29:29.647-0800][gc,marking   ] GC(9) Concurrent Mark From Roots
[2020-09-11T01:29:29.647-0800][gc,task      ] GC(9) Using 2 workers of 2 for marking
[2020-09-11T01:29:29.656-0800][gc,marking   ] GC(9) Concurrent Mark From Roots 8.872ms
[2020-09-11T01:29:29.656-0800][gc,marking   ] GC(9) Concurrent Preclean
[2020-09-11T01:29:29.656-0800][gc,marking   ] GC(9) Concurrent Preclean 0.040ms
[2020-09-11T01:29:29.656-0800][gc,marking   ] GC(9) Concurrent Mark (18.578s, 18.587s) 8.982ms
[2020-09-11T01:29:29.656-0800][gc,start     ] GC(9) Pause Remark
[2020-09-11T01:29:29.661-0800][gc           ] GC(9) Pause Remark 46M->46M(512M) 4.840ms
[2020-09-11T01:29:29.661-0800][gc,cpu       ] GC(9) User=0.03s Sys=0.00s Real=0.01s
[2020-09-11T01:29:29.661-0800][gc,marking   ] GC(9) Concurrent Rebuild Remembered Sets
[2020-09-11T01:29:29.669-0800][gc,marking   ] GC(9) Concurrent Rebuild Remembered Sets 8.256ms
[2020-09-11T01:29:29.671-0800][gc,start     ] GC(9) Pause Cleanup
[2020-09-11T01:29:29.671-0800][gc           ] GC(9) Pause Cleanup 47M->47M(512M) 0.111ms
[2020-09-11T01:29:29.671-0800][gc,cpu       ] GC(9) User=0.00s Sys=0.00s Real=0.00s
[2020-09-11T01:29:29.671-0800][gc,marking   ] GC(9) Concurrent Cleanup for Next Mark
[2020-09-11T01:29:29.672-0800][gc,marking   ] GC(9) Concurrent Cleanup for Next Mark 0.586ms
[2020-09-11T01:29:29.672-0800][gc           ] GC(9) Concurrent Cycle 38.065ms
[2020-09-11T01:36:42.721-0800][gc,heap,exit ] Heap
[2020-09-11T01:36:42.722-0800][gc,heap,exit ]  garbage-first heap   total 524288K, used 229125K [0x00000007e0000000, 0x0000000800000000)
[2020-09-11T01:36:42.722-0800][gc,heap,exit ]   region size 1024K, 209 young (214016K), 26 survivors (26624K)
[2020-09-11T01:36:42.723-0800][gc,heap,exit ]  Metaspace       used 64926K, capacity 66613K, committed 66892K, reserved 1107968K
[2020-09-11T01:36:42.723-0800][gc,heap,exit ]   class space    used 7965K, capacity 8777K, committed 8832K, reserved 1048576K
