[2020-09-11T01:32:09.253-0800][gc,heap] Heap region size: 1M
[2020-09-11T01:32:09.253-0800][gc,heap,coops] Heap address: 0x00000007e0000000, size: 512 MB, Compressed Oops mode: Zero based, Oop shift amount: 3
[2020-09-11T01:32:09.258-0800][gc           ] Using G1
[2020-09-11T01:32:09.258-0800][gc,cds       ] Mark closed archive regions in map: [0x00000007fff00000, 0x00000007fff7aff8]
[2020-09-11T01:32:09.258-0800][gc,cds       ] Mark open archive regions in map: [0x00000007ffe00000, 0x00000007ffe50ff8]
[2020-09-11T01:32:09.274-0800][gc           ] Periodic GC disabled
[2020-09-11T01:32:15.402-0800][gc,start     ] GC(0) Pause Young (Normal) (G1 Evacuation Pause)
[2020-09-11T01:32:15.402-0800][gc,task      ] GC(0) Using 8 workers of 8 for evacuation
[2020-09-11T01:32:15.409-0800][gc,phases    ] GC(0)   Pre Evacuate Collection Set: 0.1ms
[2020-09-11T01:32:15.409-0800][gc,phases    ] GC(0)   Merge Heap Roots: 0.0ms
[2020-09-11T01:32:15.409-0800][gc,phases    ] GC(0)   Evacuate Collection Set: 5.4ms
[2020-09-11T01:32:15.409-0800][gc,phases    ] GC(0)   Post Evacuate Collection Set: 0.9ms
[2020-09-11T01:32:15.409-0800][gc,phases    ] GC(0)   Other: 0.5ms
[2020-09-11T01:32:15.409-0800][gc,heap      ] GC(0) Eden regions: 256->0(249)
[2020-09-11T01:32:15.409-0800][gc,heap      ] GC(0) Survivor regions: 0->7(32)
[2020-09-11T01:32:15.409-0800][gc,heap      ] GC(0) Old regions: 0->0
[2020-09-11T01:32:15.409-0800][gc,heap      ] GC(0) Archive regions: 2->2
[2020-09-11T01:32:15.409-0800][gc,heap      ] GC(0) Humongous regions: 0->0
[2020-09-11T01:32:15.409-0800][gc,metaspace ] GC(0) Metaspace: 18113K(18944K)->18113K(18944K) NonClass: 15886K(16384K)->15886K(16384K) Class: 2226K(2560K)->2226K(2560K)
[2020-09-11T01:32:15.409-0800][gc           ] GC(0) Pause Young (Normal) (G1 Evacuation Pause) 256M->7M(512M) 7.065ms
[2020-09-11T01:32:15.409-0800][gc,cpu       ] GC(0) User=0.05s Sys=0.01s Real=0.00s
[2020-09-11T01:32:15.716-0800][gc,start     ] GC(1) Pause Young (Concurrent Start) (Metadata GC Threshold)
[2020-09-11T01:32:15.716-0800][gc,task      ] GC(1) Using 8 workers of 8 for evacuation
[2020-09-11T01:32:15.720-0800][gc,phases    ] GC(1)   Pre Evacuate Collection Set: 0.1ms
[2020-09-11T01:32:15.720-0800][gc,phases    ] GC(1)   Merge Heap Roots: 0.0ms
[2020-09-11T01:32:15.720-0800][gc,phases    ] GC(1)   Evacuate Collection Set: 3.5ms
[2020-09-11T01:32:15.720-0800][gc,phases    ] GC(1)   Post Evacuate Collection Set: 0.5ms
[2020-09-11T01:32:15.720-0800][gc,phases    ] GC(1)   Other: 0.2ms
[2020-09-11T01:32:15.720-0800][gc,heap      ] GC(1) Eden regions: 104->0(248)
[2020-09-11T01:32:15.720-0800][gc,heap      ] GC(1) Survivor regions: 7->8(32)
[2020-09-11T01:32:15.720-0800][gc,heap      ] GC(1) Old regions: 0->0
[2020-09-11T01:32:15.720-0800][gc,heap      ] GC(1) Archive regions: 2->2
[2020-09-11T01:32:15.720-0800][gc,heap      ] GC(1) Humongous regions: 0->0
[2020-09-11T01:32:15.720-0800][gc,metaspace ] GC(1) Metaspace: 20573K(21248K)->20573K(21248K) NonClass: 18019K(18432K)->18019K(18432K) Class: 2553K(2816K)->2553K(2816K)
[2020-09-11T01:32:15.720-0800][gc           ] GC(1) Pause Young (Concurrent Start) (Metadata GC Threshold) 111M->8M(512M) 4.609ms
[2020-09-11T01:32:15.720-0800][gc,cpu       ] GC(1) User=0.02s Sys=0.00s Real=0.01s
[2020-09-11T01:32:15.720-0800][gc           ] GC(2) Concurrent Cycle
[2020-09-11T01:32:15.720-0800][gc,marking   ] GC(2) Concurrent Clear Claimed Marks
[2020-09-11T01:32:15.720-0800][gc,marking   ] GC(2) Concurrent Clear Claimed Marks 0.048ms
[2020-09-11T01:32:15.720-0800][gc,marking   ] GC(2) Concurrent Scan Root Regions
[2020-09-11T01:32:15.723-0800][gc,marking   ] GC(2) Concurrent Scan Root Regions 2.746ms
[2020-09-11T01:32:15.723-0800][gc,marking   ] GC(2) Concurrent Mark (6.475s)
[2020-09-11T01:32:15.723-0800][gc,marking   ] GC(2) Concurrent Mark From Roots
[2020-09-11T01:32:15.723-0800][gc,task      ] GC(2) Using 2 workers of 2 for marking
[2020-09-11T01:32:15.724-0800][gc,marking   ] GC(2) Concurrent Mark From Roots 0.782ms
[2020-09-11T01:32:15.724-0800][gc,marking   ] GC(2) Concurrent Preclean
[2020-09-11T01:32:15.724-0800][gc,marking   ] GC(2) Concurrent Preclean 0.026ms
[2020-09-11T01:32:15.724-0800][gc,marking   ] GC(2) Concurrent Mark (6.475s, 6.476s) 0.888ms
[2020-09-11T01:32:15.724-0800][gc,start     ] GC(2) Pause Remark
[2020-09-11T01:32:15.725-0800][gc           ] GC(2) Pause Remark 9M->9M(512M) 1.088ms
[2020-09-11T01:32:15.725-0800][gc,cpu       ] GC(2) User=0.00s Sys=0.00s Real=0.00s
[2020-09-11T01:32:15.725-0800][gc,marking   ] GC(2) Concurrent Rebuild Remembered Sets
[2020-09-11T01:32:15.726-0800][gc,marking   ] GC(2) Concurrent Rebuild Remembered Sets 0.345ms
[2020-09-11T01:32:15.726-0800][gc,start     ] GC(2) Pause Cleanup
[2020-09-11T01:32:15.726-0800][gc           ] GC(2) Pause Cleanup 9M->9M(512M) 0.077ms
[2020-09-11T01:32:15.726-0800][gc,cpu       ] GC(2) User=0.00s Sys=0.00s Real=0.00s
[2020-09-11T01:32:15.726-0800][gc,marking   ] GC(2) Concurrent Cleanup for Next Mark
[2020-09-11T01:32:15.728-0800][gc,marking   ] GC(2) Concurrent Cleanup for Next Mark 2.328ms
[2020-09-11T01:32:15.729-0800][gc           ] GC(2) Concurrent Cycle 8.297ms
[2020-09-11T01:32:16.553-0800][gc,start     ] GC(3) Pause Young (Normal) (G1 Evacuation Pause)
[2020-09-11T01:32:16.553-0800][gc,task      ] GC(3) Using 8 workers of 8 for evacuation
[2020-09-11T01:32:16.560-0800][gc,phases    ] GC(3)   Pre Evacuate Collection Set: 0.1ms
[2020-09-11T01:32:16.560-0800][gc,phases    ] GC(3)   Merge Heap Roots: 0.1ms
[2020-09-11T01:32:16.560-0800][gc,phases    ] GC(3)   Evacuate Collection Set: 6.1ms
[2020-09-11T01:32:16.560-0800][gc,phases    ] GC(3)   Post Evacuate Collection Set: 0.8ms
[2020-09-11T01:32:16.560-0800][gc,phases    ] GC(3)   Other: 0.1ms
[2020-09-11T01:32:16.560-0800][gc,heap      ] GC(3) Eden regions: 248->0(243)
[2020-09-11T01:32:16.560-0800][gc,heap      ] GC(3) Survivor regions: 8->13(32)
[2020-09-11T01:32:16.560-0800][gc,heap      ] GC(3) Old regions: 0->0
[2020-09-11T01:32:16.560-0800][gc,heap      ] GC(3) Archive regions: 2->2
[2020-09-11T01:32:16.560-0800][gc,heap      ] GC(3) Humongous regions: 0->0
[2020-09-11T01:32:16.560-0800][gc,metaspace ] GC(3) Metaspace: 23688K(24704K)->23688K(24704K) NonClass: 20800K(21504K)->20800K(21504K) Class: 2887K(3200K)->2887K(3200K)
[2020-09-11T01:32:16.560-0800][gc           ] GC(3) Pause Young (Normal) (G1 Evacuation Pause) 256M->12M(512M) 7.359ms
[2020-09-11T01:32:16.560-0800][gc,cpu       ] GC(3) User=0.04s Sys=0.00s Real=0.01s
[2020-09-11T01:32:17.363-0800][gc,start     ] GC(4) Pause Young (Normal) (G1 Evacuation Pause)
[2020-09-11T01:32:17.363-0800][gc,task      ] GC(4) Using 8 workers of 8 for evacuation
[2020-09-11T01:32:17.371-0800][gc,phases    ] GC(4)   Pre Evacuate Collection Set: 0.1ms
[2020-09-11T01:32:17.371-0800][gc,phases    ] GC(4)   Merge Heap Roots: 0.0ms
[2020-09-11T01:32:17.371-0800][gc,phases    ] GC(4)   Evacuate Collection Set: 6.6ms
[2020-09-11T01:32:17.371-0800][gc,phases    ] GC(4)   Post Evacuate Collection Set: 0.9ms
[2020-09-11T01:32:17.371-0800][gc,phases    ] GC(4)   Other: 0.1ms
[2020-09-11T01:32:17.371-0800][gc,heap      ] GC(4) Eden regions: 243->0(240)
[2020-09-11T01:32:17.371-0800][gc,heap      ] GC(4) Survivor regions: 13->16(32)
[2020-09-11T01:32:17.371-0800][gc,heap      ] GC(4) Old regions: 0->0
[2020-09-11T01:32:17.371-0800][gc,heap      ] GC(4) Archive regions: 2->2
[2020-09-11T01:32:17.371-0800][gc,heap      ] GC(4) Humongous regions: 0->0
[2020-09-11T01:32:17.371-0800][gc,metaspace ] GC(4) Metaspace: 26530K(27520K)->26530K(27520K) NonClass: 23227K(23808K)->23227K(23808K) Class: 3302K(3712K)->3302K(3712K)
[2020-09-11T01:32:17.371-0800][gc           ] GC(4) Pause Young (Normal) (G1 Evacuation Pause) 255M->16M(512M) 7.865ms
[2020-09-11T01:32:17.371-0800][gc,cpu       ] GC(4) User=0.05s Sys=0.00s Real=0.01s
[2020-09-11T01:32:18.222-0800][gc,start     ] GC(5) Pause Young (Concurrent Start) (Metadata GC Threshold)
[2020-09-11T01:32:18.222-0800][gc,task      ] GC(5) Using 8 workers of 8 for evacuation
[2020-09-11T01:32:18.232-0800][gc,phases    ] GC(5)   Pre Evacuate Collection Set: 0.1ms
[2020-09-11T01:32:18.232-0800][gc,phases    ] GC(5)   Merge Heap Roots: 0.0ms
[2020-09-11T01:32:18.232-0800][gc,phases    ] GC(5)   Evacuate Collection Set: 8.4ms
[2020-09-11T01:32:18.232-0800][gc,phases    ] GC(5)   Post Evacuate Collection Set: 1.2ms
[2020-09-11T01:32:18.232-0800][gc,phases    ] GC(5)   Other: 0.1ms
[2020-09-11T01:32:18.232-0800][gc,heap      ] GC(5) Eden regions: 162->0(233)
[2020-09-11T01:32:18.232-0800][gc,heap      ] GC(5) Survivor regions: 16->23(32)
[2020-09-11T01:32:18.232-0800][gc,heap      ] GC(5) Old regions: 0->0
[2020-09-11T01:32:18.232-0800][gc,heap      ] GC(5) Archive regions: 2->2
[2020-09-11T01:32:18.232-0800][gc,heap      ] GC(5) Humongous regions: 0->0
[2020-09-11T01:32:18.232-0800][gc,metaspace ] GC(5) Metaspace: 34840K(35840K)->34840K(35840K) NonClass: 30522K(31104K)->30522K(31104K) Class: 4317K(4736K)->4317K(4736K)
[2020-09-11T01:32:18.232-0800][gc           ] GC(5) Pause Young (Concurrent Start) (Metadata GC Threshold) 178M->23M(512M) 10.042ms
[2020-09-11T01:32:18.232-0800][gc,cpu       ] GC(5) User=0.07s Sys=0.00s Real=0.01s
[2020-09-11T01:32:18.232-0800][gc           ] GC(6) Concurrent Cycle
[2020-09-11T01:32:18.232-0800][gc,marking   ] GC(6) Concurrent Clear Claimed Marks
[2020-09-11T01:32:18.232-0800][gc,marking   ] GC(6) Concurrent Clear Claimed Marks 0.074ms
[2020-09-11T01:32:18.232-0800][gc,marking   ] GC(6) Concurrent Scan Root Regions
[2020-09-11T01:32:18.239-0800][gc,marking   ] GC(6) Concurrent Scan Root Regions 6.766ms
[2020-09-11T01:32:18.239-0800][gc,marking   ] GC(6) Concurrent Mark (8.991s)
[2020-09-11T01:32:18.239-0800][gc,marking   ] GC(6) Concurrent Mark From Roots
[2020-09-11T01:32:18.239-0800][gc,task      ] GC(6) Using 2 workers of 2 for marking
[2020-09-11T01:32:18.240-0800][gc,marking   ] GC(6) Concurrent Mark From Roots 0.828ms
[2020-09-11T01:32:18.240-0800][gc,marking   ] GC(6) Concurrent Preclean
[2020-09-11T01:32:18.240-0800][gc,marking   ] GC(6) Concurrent Preclean 0.022ms
[2020-09-11T01:32:18.240-0800][gc,marking   ] GC(6) Concurrent Mark (8.991s, 8.992s) 0.903ms
[2020-09-11T01:32:18.240-0800][gc,start     ] GC(6) Pause Remark
[2020-09-11T01:32:18.242-0800][gc           ] GC(6) Pause Remark 24M->24M(512M) 1.410ms
[2020-09-11T01:32:18.242-0800][gc,cpu       ] GC(6) User=0.01s Sys=0.00s Real=0.00s
[2020-09-11T01:32:18.242-0800][gc,marking   ] GC(6) Concurrent Rebuild Remembered Sets
[2020-09-11T01:32:18.242-0800][gc,marking   ] GC(6) Concurrent Rebuild Remembered Sets 0.361ms
[2020-09-11T01:32:18.242-0800][gc,start     ] GC(6) Pause Cleanup
[2020-09-11T01:32:18.243-0800][gc           ] GC(6) Pause Cleanup 24M->24M(512M) 0.083ms
[2020-09-11T01:32:18.243-0800][gc,cpu       ] GC(6) User=0.01s Sys=0.00s Real=0.00s
[2020-09-11T01:32:18.243-0800][gc,marking   ] GC(6) Concurrent Cleanup for Next Mark
[2020-09-11T01:32:18.245-0800][gc,marking   ] GC(6) Concurrent Cleanup for Next Mark 2.729ms
[2020-09-11T01:32:18.245-0800][gc           ] GC(6) Concurrent Cycle 13.192ms
[2020-09-11T01:32:23.347-0800][gc,heap,exit ] Heap
[2020-09-11T01:32:23.347-0800][gc,heap,exit ]  garbage-first heap   total 524288K, used 199129K [0x00000007e0000000, 0x0000000800000000)
[2020-09-11T01:32:23.347-0800][gc,heap,exit ]   region size 1024K, 195 young (199680K), 23 survivors (23552K)
[2020-09-11T01:32:23.347-0800][gc,heap,exit ]  Metaspace       used 44836K, capacity 45950K, committed 46208K, reserved 1089536K
[2020-09-11T01:32:23.348-0800][gc,heap,exit ]   class space    used 5532K, capacity 5937K, committed 6016K, reserved 1048576K
