[2020-09-11T01:39:40.285-0800][gc,heap] Heap region size: 1M
[2020-09-11T01:39:40.285-0800][gc,heap,coops] Heap address: 0x00000007e0000000, size: 512 MB, Compressed Oops mode: Zero based, Oop shift amount: 3
[2020-09-11T01:39:40.290-0800][gc           ] Using G1
[2020-09-11T01:39:40.290-0800][gc,cds       ] Mark closed archive regions in map: [0x00000007fff00000, 0x00000007fff7aff8]
[2020-09-11T01:39:40.290-0800][gc,cds       ] Mark open archive regions in map: [0x00000007ffe00000, 0x00000007ffe50ff8]
[2020-09-11T01:39:40.305-0800][gc           ] Periodic GC disabled
[2020-09-11T01:39:46.459-0800][gc,start     ] GC(0) Pause Young (Normal) (G1 Evacuation Pause)
[2020-09-11T01:39:46.459-0800][gc,task      ] GC(0) Using 8 workers of 8 for evacuation
[2020-09-11T01:39:46.467-0800][gc,phases    ] GC(0)   Pre Evacuate Collection Set: 0.1ms
[2020-09-11T01:39:46.467-0800][gc,phases    ] GC(0)   Merge Heap Roots: 0.0ms
[2020-09-11T01:39:46.467-0800][gc,phases    ] GC(0)   Evacuate Collection Set: 5.6ms
[2020-09-11T01:39:46.467-0800][gc,phases    ] GC(0)   Post Evacuate Collection Set: 1.4ms
[2020-09-11T01:39:46.467-0800][gc,phases    ] GC(0)   Other: 0.4ms
[2020-09-11T01:39:46.467-0800][gc,heap      ] GC(0) Eden regions: 256->0(249)
[2020-09-11T01:39:46.467-0800][gc,heap      ] GC(0) Survivor regions: 0->7(32)
[2020-09-11T01:39:46.467-0800][gc,heap      ] GC(0) Old regions: 0->0
[2020-09-11T01:39:46.467-0800][gc,heap      ] GC(0) Archive regions: 2->2
[2020-09-11T01:39:46.467-0800][gc,heap      ] GC(0) Humongous regions: 0->0
[2020-09-11T01:39:46.467-0800][gc,metaspace ] GC(0) Metaspace: 18172K(18944K)->18172K(18944K) NonClass: 15940K(16384K)->15940K(16384K) Class: 2232K(2560K)->2232K(2560K)
[2020-09-11T01:39:46.467-0800][gc           ] GC(0) Pause Young (Normal) (G1 Evacuation Pause) 256M->7M(512M) 7.631ms
[2020-09-11T01:39:46.467-0800][gc,cpu       ] GC(0) User=0.04s Sys=0.01s Real=0.01s
[2020-09-11T01:39:46.804-0800][gc,start     ] GC(1) Pause Young (Concurrent Start) (Metadata GC Threshold)
[2020-09-11T01:39:46.804-0800][gc,task      ] GC(1) Using 8 workers of 8 for evacuation
[2020-09-11T01:39:46.808-0800][gc,phases    ] GC(1)   Pre Evacuate Collection Set: 0.1ms
[2020-09-11T01:39:46.808-0800][gc,phases    ] GC(1)   Merge Heap Roots: 0.0ms
[2020-09-11T01:39:46.808-0800][gc,phases    ] GC(1)   Evacuate Collection Set: 3.3ms
[2020-09-11T01:39:46.808-0800][gc,phases    ] GC(1)   Post Evacuate Collection Set: 0.6ms
[2020-09-11T01:39:46.808-0800][gc,phases    ] GC(1)   Other: 0.2ms
[2020-09-11T01:39:46.808-0800][gc,heap      ] GC(1) Eden regions: 100->0(247)
[2020-09-11T01:39:46.808-0800][gc,heap      ] GC(1) Survivor regions: 7->9(32)
[2020-09-11T01:39:46.808-0800][gc,heap      ] GC(1) Old regions: 0->0
[2020-09-11T01:39:46.808-0800][gc,heap      ] GC(1) Archive regions: 2->2
[2020-09-11T01:39:46.808-0800][gc,heap      ] GC(1) Humongous regions: 0->0
[2020-09-11T01:39:46.808-0800][gc,metaspace ] GC(1) Metaspace: 20508K(21248K)->20508K(21248K) NonClass: 17964K(18432K)->17964K(18432K) Class: 2543K(2816K)->2543K(2816K)
[2020-09-11T01:39:46.808-0800][gc           ] GC(1) Pause Young (Concurrent Start) (Metadata GC Threshold) 107M->8M(512M) 4.366ms
[2020-09-11T01:39:46.808-0800][gc,cpu       ] GC(1) User=0.03s Sys=0.00s Real=0.00s
[2020-09-11T01:39:46.808-0800][gc           ] GC(2) Concurrent Cycle
[2020-09-11T01:39:46.808-0800][gc,marking   ] GC(2) Concurrent Clear Claimed Marks
[2020-09-11T01:39:46.808-0800][gc,marking   ] GC(2) Concurrent Clear Claimed Marks 0.048ms
[2020-09-11T01:39:46.808-0800][gc,marking   ] GC(2) Concurrent Scan Root Regions
[2020-09-11T01:39:46.811-0800][gc,marking   ] GC(2) Concurrent Scan Root Regions 2.574ms
[2020-09-11T01:39:46.811-0800][gc,marking   ] GC(2) Concurrent Mark (6.531s)
[2020-09-11T01:39:46.811-0800][gc,marking   ] GC(2) Concurrent Mark From Roots
[2020-09-11T01:39:46.811-0800][gc,task      ] GC(2) Using 2 workers of 2 for marking
[2020-09-11T01:39:46.812-0800][gc,marking   ] GC(2) Concurrent Mark From Roots 0.786ms
[2020-09-11T01:39:46.812-0800][gc,marking   ] GC(2) Concurrent Preclean
[2020-09-11T01:39:46.812-0800][gc,marking   ] GC(2) Concurrent Preclean 0.026ms
[2020-09-11T01:39:46.812-0800][gc,marking   ] GC(2) Concurrent Mark (6.531s, 6.532s) 0.887ms
[2020-09-11T01:39:46.812-0800][gc,start     ] GC(2) Pause Remark
[2020-09-11T01:39:46.813-0800][gc           ] GC(2) Pause Remark 10M->10M(512M) 1.020ms
[2020-09-11T01:39:46.813-0800][gc,cpu       ] GC(2) User=0.00s Sys=0.00s Real=0.00s
[2020-09-11T01:39:46.813-0800][gc,marking   ] GC(2) Concurrent Rebuild Remembered Sets
[2020-09-11T01:39:46.813-0800][gc,marking   ] GC(2) Concurrent Rebuild Remembered Sets 0.334ms
[2020-09-11T01:39:46.814-0800][gc,start     ] GC(2) Pause Cleanup
[2020-09-11T01:39:46.814-0800][gc           ] GC(2) Pause Cleanup 10M->10M(512M) 0.080ms
[2020-09-11T01:39:46.814-0800][gc,cpu       ] GC(2) User=0.00s Sys=0.00s Real=0.00s
[2020-09-11T01:39:46.814-0800][gc,marking   ] GC(2) Concurrent Cleanup for Next Mark
[2020-09-11T01:39:46.816-0800][gc,marking   ] GC(2) Concurrent Cleanup for Next Mark 1.939ms
[2020-09-11T01:39:46.816-0800][gc           ] GC(2) Concurrent Cycle 7.592ms
[2020-09-11T01:39:47.730-0800][gc,start     ] GC(3) Pause Young (Normal) (G1 Evacuation Pause)
[2020-09-11T01:39:47.730-0800][gc,task      ] GC(3) Using 8 workers of 8 for evacuation
[2020-09-11T01:39:47.738-0800][gc,phases    ] GC(3)   Pre Evacuate Collection Set: 0.1ms
[2020-09-11T01:39:47.738-0800][gc,phases    ] GC(3)   Merge Heap Roots: 0.1ms
[2020-09-11T01:39:47.738-0800][gc,phases    ] GC(3)   Evacuate Collection Set: 6.2ms
[2020-09-11T01:39:47.738-0800][gc,phases    ] GC(3)   Post Evacuate Collection Set: 0.9ms
[2020-09-11T01:39:47.738-0800][gc,phases    ] GC(3)   Other: 0.2ms
[2020-09-11T01:39:47.738-0800][gc,heap      ] GC(3) Eden regions: 247->0(244)
[2020-09-11T01:39:47.738-0800][gc,heap      ] GC(3) Survivor regions: 9->12(32)
[2020-09-11T01:39:47.738-0800][gc,heap      ] GC(3) Old regions: 0->0
[2020-09-11T01:39:47.738-0800][gc,heap      ] GC(3) Archive regions: 2->2
[2020-09-11T01:39:47.738-0800][gc,heap      ] GC(3) Humongous regions: 0->0
[2020-09-11T01:39:47.738-0800][gc,metaspace ] GC(3) Metaspace: 23714K(24704K)->23714K(24704K) NonClass: 20823K(21504K)->20823K(21504K) Class: 2891K(3200K)->2891K(3200K)
[2020-09-11T01:39:47.738-0800][gc           ] GC(3) Pause Young (Normal) (G1 Evacuation Pause) 255M->12M(512M) 7.493ms
[2020-09-11T01:39:47.738-0800][gc,cpu       ] GC(3) User=0.05s Sys=0.01s Real=0.00s
[2020-09-11T01:39:48.794-0800][gc,start     ] GC(4) Pause Young (Normal) (G1 Evacuation Pause)
[2020-09-11T01:39:48.794-0800][gc,task      ] GC(4) Using 8 workers of 8 for evacuation
[2020-09-11T01:39:48.803-0800][gc,phases    ] GC(4)   Pre Evacuate Collection Set: 0.1ms
[2020-09-11T01:39:48.803-0800][gc,phases    ] GC(4)   Merge Heap Roots: 0.0ms
[2020-09-11T01:39:48.803-0800][gc,phases    ] GC(4)   Evacuate Collection Set: 8.0ms
[2020-09-11T01:39:48.803-0800][gc,phases    ] GC(4)   Post Evacuate Collection Set: 1.1ms
[2020-09-11T01:39:48.803-0800][gc,phases    ] GC(4)   Other: 0.1ms
[2020-09-11T01:39:48.803-0800][gc,heap      ] GC(4) Eden regions: 244->0(240)
[2020-09-11T01:39:48.803-0800][gc,heap      ] GC(4) Survivor regions: 12->16(32)
[2020-09-11T01:39:48.803-0800][gc,heap      ] GC(4) Old regions: 0->0
[2020-09-11T01:39:48.803-0800][gc,heap      ] GC(4) Archive regions: 2->2
[2020-09-11T01:39:48.803-0800][gc,heap      ] GC(4) Humongous regions: 0->0
[2020-09-11T01:39:48.803-0800][gc,metaspace ] GC(4) Metaspace: 26550K(27520K)->26550K(27520K) NonClass: 23244K(23808K)->23244K(23808K) Class: 3306K(3712K)->3306K(3712K)
[2020-09-11T01:39:48.803-0800][gc           ] GC(4) Pause Young (Normal) (G1 Evacuation Pause) 256M->16M(512M) 9.455ms
[2020-09-11T01:39:48.803-0800][gc,cpu       ] GC(4) User=0.07s Sys=0.01s Real=0.01s
[2020-09-11T01:39:50.019-0800][gc,start     ] GC(5) Pause Young (Concurrent Start) (Metadata GC Threshold)
[2020-09-11T01:39:50.019-0800][gc,task      ] GC(5) Using 8 workers of 8 for evacuation
[2020-09-11T01:39:50.028-0800][gc,phases    ] GC(5)   Pre Evacuate Collection Set: 0.1ms
[2020-09-11T01:39:50.028-0800][gc,phases    ] GC(5)   Merge Heap Roots: 0.0ms
[2020-09-11T01:39:50.028-0800][gc,phases    ] GC(5)   Evacuate Collection Set: 7.3ms
[2020-09-11T01:39:50.028-0800][gc,phases    ] GC(5)   Post Evacuate Collection Set: 1.1ms
[2020-09-11T01:39:50.028-0800][gc,phases    ] GC(5)   Other: 0.2ms
[2020-09-11T01:39:50.028-0800][gc,heap      ] GC(5) Eden regions: 161->0(233)
[2020-09-11T01:39:50.028-0800][gc,heap      ] GC(5) Survivor regions: 16->23(32)
[2020-09-11T01:39:50.028-0800][gc,heap      ] GC(5) Old regions: 0->0
[2020-09-11T01:39:50.028-0800][gc,heap      ] GC(5) Archive regions: 2->2
[2020-09-11T01:39:50.028-0800][gc,heap      ] GC(5) Humongous regions: 0->0
[2020-09-11T01:39:50.028-0800][gc,metaspace ] GC(5) Metaspace: 34674K(35840K)->34674K(35840K) NonClass: 30378K(31104K)->30378K(31104K) Class: 4295K(4736K)->4295K(4736K)
[2020-09-11T01:39:50.028-0800][gc           ] GC(5) Pause Young (Concurrent Start) (Metadata GC Threshold) 177M->23M(512M) 8.916ms
[2020-09-11T01:39:50.028-0800][gc,cpu       ] GC(5) User=0.06s Sys=0.00s Real=0.01s
[2020-09-11T01:39:50.028-0800][gc           ] GC(6) Concurrent Cycle
[2020-09-11T01:39:50.028-0800][gc,marking   ] GC(6) Concurrent Clear Claimed Marks
[2020-09-11T01:39:50.028-0800][gc,marking   ] GC(6) Concurrent Clear Claimed Marks 0.076ms
[2020-09-11T01:39:50.028-0800][gc,marking   ] GC(6) Concurrent Scan Root Regions
[2020-09-11T01:39:50.036-0800][gc,marking   ] GC(6) Concurrent Scan Root Regions 7.941ms
[2020-09-11T01:39:50.036-0800][gc,marking   ] GC(6) Concurrent Mark (9.757s)
[2020-09-11T01:39:50.036-0800][gc,marking   ] GC(6) Concurrent Mark From Roots
[2020-09-11T01:39:50.036-0800][gc,task      ] GC(6) Using 2 workers of 2 for marking
[2020-09-11T01:39:50.037-0800][gc,marking   ] GC(6) Concurrent Mark From Roots 1.125ms
[2020-09-11T01:39:50.037-0800][gc,marking   ] GC(6) Concurrent Preclean
[2020-09-11T01:39:50.037-0800][gc,marking   ] GC(6) Concurrent Preclean 0.030ms
[2020-09-11T01:39:50.037-0800][gc,marking   ] GC(6) Concurrent Mark (9.757s, 9.758s) 1.224ms
[2020-09-11T01:39:50.038-0800][gc,start     ] GC(6) Pause Remark
[2020-09-11T01:39:50.039-0800][gc           ] GC(6) Pause Remark 24M->24M(512M) 1.441ms
[2020-09-11T01:39:50.039-0800][gc,cpu       ] GC(6) User=0.01s Sys=0.00s Real=0.00s
[2020-09-11T01:39:50.039-0800][gc,marking   ] GC(6) Concurrent Rebuild Remembered Sets
[2020-09-11T01:39:50.040-0800][gc,marking   ] GC(6) Concurrent Rebuild Remembered Sets 0.503ms
[2020-09-11T01:39:50.040-0800][gc,start     ] GC(6) Pause Cleanup
[2020-09-11T01:39:50.040-0800][gc           ] GC(6) Pause Cleanup 24M->24M(512M) 0.106ms
[2020-09-11T01:39:50.040-0800][gc,cpu       ] GC(6) User=0.00s Sys=0.00s Real=0.00s
[2020-09-11T01:39:50.040-0800][gc,marking   ] GC(6) Concurrent Cleanup for Next Mark
[2020-09-11T01:39:50.043-0800][gc,marking   ] GC(6) Concurrent Cleanup for Next Mark 2.508ms
[2020-09-11T01:39:50.043-0800][gc           ] GC(6) Concurrent Cycle 14.540ms
[2020-09-11T01:39:51.899-0800][gc,start     ] GC(7) Pause Young (Normal) (G1 Evacuation Pause)
[2020-09-11T01:39:51.899-0800][gc,task      ] GC(7) Using 8 workers of 8 for evacuation
[2020-09-11T01:39:51.915-0800][gc,phases    ] GC(7)   Pre Evacuate Collection Set: 0.1ms
[2020-09-11T01:39:51.915-0800][gc,phases    ] GC(7)   Merge Heap Roots: 0.0ms
[2020-09-11T01:39:51.915-0800][gc,phases    ] GC(7)   Evacuate Collection Set: 13.7ms
[2020-09-11T01:39:51.915-0800][gc,phases    ] GC(7)   Post Evacuate Collection Set: 1.6ms
[2020-09-11T01:39:51.915-0800][gc,phases    ] GC(7)   Other: 0.2ms
[2020-09-11T01:39:51.915-0800][gc,heap      ] GC(7) Eden regions: 233->0(234)
[2020-09-11T01:39:51.915-0800][gc,heap      ] GC(7) Survivor regions: 23->22(32)
[2020-09-11T01:39:51.915-0800][gc,heap      ] GC(7) Old regions: 0->7
[2020-09-11T01:39:51.915-0800][gc,heap      ] GC(7) Archive regions: 2->2
[2020-09-11T01:39:51.915-0800][gc,heap      ] GC(7) Humongous regions: 0->0
[2020-09-11T01:39:51.915-0800][gc,metaspace ] GC(7) Metaspace: 46797K(48128K)->46797K(48128K) NonClass: 41144K(41984K)->41144K(41984K) Class: 5653K(6144K)->5653K(6144K)
[2020-09-11T01:39:51.915-0800][gc           ] GC(7) Pause Young (Normal) (G1 Evacuation Pause) 256M->29M(512M) 15.681ms
[2020-09-11T01:39:51.915-0800][gc,cpu       ] GC(7) User=0.09s Sys=0.01s Real=0.02s
[2020-09-11T01:39:58.577-0800][gc,start     ] GC(8) Pause Young (Concurrent Start) (Metadata GC Threshold)
[2020-09-11T01:39:58.577-0800][gc,task      ] GC(8) Using 8 workers of 8 for evacuation
[2020-09-11T01:39:58.588-0800][gc,phases    ] GC(8)   Pre Evacuate Collection Set: 0.2ms
[2020-09-11T01:39:58.589-0800][gc,phases    ] GC(8)   Merge Heap Roots: 0.1ms
[2020-09-11T01:39:58.589-0800][gc,phases    ] GC(8)   Evacuate Collection Set: 10.5ms
[2020-09-11T01:39:58.589-0800][gc,phases    ] GC(8)   Post Evacuate Collection Set: 1.0ms
[2020-09-11T01:39:58.589-0800][gc,phases    ] GC(8)   Other: 0.2ms
[2020-09-11T01:39:58.589-0800][gc,heap      ] GC(8) Eden regions: 204->0(234)
[2020-09-11T01:39:58.589-0800][gc,heap      ] GC(8) Survivor regions: 22->22(32)
[2020-09-11T01:39:58.589-0800][gc,heap      ] GC(8) Old regions: 7->15
[2020-09-11T01:39:58.589-0800][gc,heap      ] GC(8) Archive regions: 2->2
[2020-09-11T01:39:58.589-0800][gc,heap      ] GC(8) Humongous regions: 5->5
[2020-09-11T01:39:58.589-0800][gc,metaspace ] GC(8) Metaspace: 58428K(60160K)->58428K(60160K) NonClass: 51321K(52480K)->51321K(52480K) Class: 7107K(7680K)->7107K(7680K)
[2020-09-11T01:39:58.589-0800][gc           ] GC(8) Pause Young (Concurrent Start) (Metadata GC Threshold) 238M->41M(512M) 12.146ms
[2020-09-11T01:39:58.589-0800][gc,cpu       ] GC(8) User=0.08s Sys=0.00s Real=0.01s
[2020-09-11T01:39:58.589-0800][gc           ] GC(9) Concurrent Cycle
[2020-09-11T01:39:58.589-0800][gc,marking   ] GC(9) Concurrent Clear Claimed Marks
[2020-09-11T01:39:58.589-0800][gc,marking   ] GC(9) Concurrent Clear Claimed Marks 0.115ms
[2020-09-11T01:39:58.589-0800][gc,marking   ] GC(9) Concurrent Scan Root Regions
[2020-09-11T01:39:58.600-0800][gc,marking   ] GC(9) Concurrent Scan Root Regions 11.361ms
[2020-09-11T01:39:58.600-0800][gc,marking   ] GC(9) Concurrent Mark (18.321s)
[2020-09-11T01:39:58.600-0800][gc,marking   ] GC(9) Concurrent Mark From Roots
[2020-09-11T01:39:58.600-0800][gc,task      ] GC(9) Using 2 workers of 2 for marking
[2020-09-11T01:39:58.609-0800][gc,marking   ] GC(9) Concurrent Mark From Roots 8.179ms
[2020-09-11T01:39:58.609-0800][gc,marking   ] GC(9) Concurrent Preclean
[2020-09-11T01:39:58.609-0800][gc,marking   ] GC(9) Concurrent Preclean 0.034ms
[2020-09-11T01:39:58.609-0800][gc,marking   ] GC(9) Concurrent Mark (18.321s, 18.329s) 8.288ms
[2020-09-11T01:39:58.609-0800][gc,start     ] GC(9) Pause Remark
[2020-09-11T01:39:58.613-0800][gc           ] GC(9) Pause Remark 44M->44M(512M) 4.470ms
[2020-09-11T01:39:58.613-0800][gc,cpu       ] GC(9) User=0.03s Sys=0.00s Real=0.01s
[2020-09-11T01:39:58.614-0800][gc,marking   ] GC(9) Concurrent Rebuild Remembered Sets
[2020-09-11T01:39:58.624-0800][gc,marking   ] GC(9) Concurrent Rebuild Remembered Sets 10.009ms
[2020-09-11T01:39:58.624-0800][gc,start     ] GC(9) Pause Cleanup
[2020-09-11T01:39:58.624-0800][gc           ] GC(9) Pause Cleanup 44M->44M(512M) 0.101ms
[2020-09-11T01:39:58.624-0800][gc,cpu       ] GC(9) User=0.01s Sys=0.00s Real=0.00s
[2020-09-11T01:39:58.624-0800][gc,marking   ] GC(9) Concurrent Cleanup for Next Mark
[2020-09-11T01:39:58.625-0800][gc,marking   ] GC(9) Concurrent Cleanup for Next Mark 0.486ms
[2020-09-11T01:39:58.625-0800][gc           ] GC(9) Concurrent Cycle 36.138ms
[2020-09-11T01:42:43.634-0800][gc,start     ] GC(10) Pause Young (Normal) (G1 Evacuation Pause)
[2020-09-11T01:42:43.634-0800][gc,task      ] GC(10) Using 8 workers of 8 for evacuation
[2020-09-11T01:42:43.649-0800][gc,phases    ] GC(10)   Pre Evacuate Collection Set: 0.1ms
[2020-09-11T01:42:43.650-0800][gc,phases    ] GC(10)   Merge Heap Roots: 0.1ms
[2020-09-11T01:42:43.650-0800][gc,phases    ] GC(10)   Evacuate Collection Set: 13.0ms
[2020-09-11T01:42:43.650-0800][gc,phases    ] GC(10)   Post Evacuate Collection Set: 1.9ms
[2020-09-11T01:42:43.650-0800][gc,phases    ] GC(10)   Other: 0.3ms
[2020-09-11T01:42:43.650-0800][gc,heap      ] GC(10) Eden regions: 234->0(237)
[2020-09-11T01:42:43.650-0800][gc,heap      ] GC(10) Survivor regions: 22->19(32)
[2020-09-11T01:42:43.650-0800][gc,heap      ] GC(10) Old regions: 15->22
[2020-09-11T01:42:43.650-0800][gc,heap      ] GC(10) Archive regions: 2->2
[2020-09-11T01:42:43.650-0800][gc,heap      ] GC(10) Humongous regions: 9->9
[2020-09-11T01:42:43.650-0800][gc,metaspace ] GC(10) Metaspace: 68031K(70272K)->68031K(70272K) NonClass: 59714K(60928K)->59714K(60928K) Class: 8317K(9344K)->8317K(9344K)
[2020-09-11T01:42:43.650-0800][gc           ] GC(10) Pause Young (Normal) (G1 Evacuation Pause) 279M->50M(512M) 15.518ms
[2020-09-11T01:42:43.650-0800][gc,cpu       ] GC(10) User=0.09s Sys=0.00s Real=0.02s
[2020-09-11T09:09:12.083-0800][gc,start     ] GC(11) Pause Young (Normal) (G1 Evacuation Pause)
[2020-09-11T09:09:12.084-0800][gc,task      ] GC(11) Using 8 workers of 8 for evacuation
[2020-09-11T09:09:12.134-0800][gc,phases    ] GC(11)   Pre Evacuate Collection Set: 0.7ms
[2020-09-11T09:09:12.134-0800][gc,phases    ] GC(11)   Merge Heap Roots: 0.2ms
[2020-09-11T09:09:12.134-0800][gc,phases    ] GC(11)   Evacuate Collection Set: 43.9ms
[2020-09-11T09:09:12.134-0800][gc,phases    ] GC(11)   Post Evacuate Collection Set: 4.7ms
[2020-09-11T09:09:12.134-0800][gc,phases    ] GC(11)   Other: 1.4ms
[2020-09-11T09:09:12.134-0800][gc,heap      ] GC(11) Eden regions: 237->0(240)
[2020-09-11T09:09:12.134-0800][gc,heap      ] GC(11) Survivor regions: 19->16(32)
[2020-09-11T09:09:12.134-0800][gc,heap      ] GC(11) Old regions: 22->28
[2020-09-11T09:09:12.134-0800][gc,heap      ] GC(11) Archive regions: 2->2
[2020-09-11T09:09:12.134-0800][gc,heap      ] GC(11) Humongous regions: 9->9
[2020-09-11T09:09:12.134-0800][gc,metaspace ] GC(11) Metaspace: 72554K(74880K)->72554K(74880K) NonClass: 64050K(65280K)->64050K(65280K) Class: 8503K(9600K)->8503K(9600K)
[2020-09-11T09:09:12.134-0800][gc           ] GC(11) Pause Young (Normal) (G1 Evacuation Pause) 287M->52M(512M) 51.005ms
[2020-09-11T09:09:12.134-0800][gc,cpu       ] GC(11) User=0.10s Sys=0.20s Real=0.05s
[2020-09-11T10:08:11.930-0800][gc,start     ] GC(12) Pause Young (Normal) (G1 Evacuation Pause)
[2020-09-11T10:08:11.930-0800][gc,task      ] GC(12) Using 8 workers of 8 for evacuation
[2020-09-11T10:08:11.940-0800][gc,phases    ] GC(12)   Pre Evacuate Collection Set: 0.1ms
[2020-09-11T10:08:11.940-0800][gc,phases    ] GC(12)   Merge Heap Roots: 0.1ms
[2020-09-11T10:08:11.940-0800][gc,phases    ] GC(12)   Evacuate Collection Set: 8.3ms
[2020-09-11T10:08:11.940-0800][gc,phases    ] GC(12)   Post Evacuate Collection Set: 1.5ms
[2020-09-11T10:08:11.940-0800][gc,phases    ] GC(12)   Other: 0.3ms
[2020-09-11T10:08:11.940-0800][gc,heap      ] GC(12) Eden regions: 240->0(241)
[2020-09-11T10:08:11.940-0800][gc,heap      ] GC(12) Survivor regions: 16->15(32)
[2020-09-11T10:08:11.940-0800][gc,heap      ] GC(12) Old regions: 28->28
[2020-09-11T10:08:11.940-0800][gc,heap      ] GC(12) Archive regions: 2->2
[2020-09-11T10:08:11.940-0800][gc,heap      ] GC(12) Humongous regions: 9->9
[2020-09-11T10:08:11.940-0800][gc,metaspace ] GC(12) Metaspace: 73097K(75392K)->73097K(75392K) NonClass: 64592K(65792K)->64592K(65792K) Class: 8505K(9600K)->8505K(9600K)
[2020-09-11T10:08:11.940-0800][gc           ] GC(12) Pause Young (Normal) (G1 Evacuation Pause) 292M->51M(512M) 10.385ms
[2020-09-11T10:08:11.940-0800][gc,cpu       ] GC(12) User=0.05s Sys=0.01s Real=0.01s
[2020-09-11T11:05:11.898-0800][gc,start     ] GC(13) Pause Young (Normal) (G1 Evacuation Pause)
[2020-09-11T11:05:11.898-0800][gc,task      ] GC(13) Using 8 workers of 8 for evacuation
[2020-09-11T11:05:11.909-0800][gc,phases    ] GC(13)   Pre Evacuate Collection Set: 0.1ms
[2020-09-11T11:05:11.909-0800][gc,phases    ] GC(13)   Merge Heap Roots: 0.1ms
[2020-09-11T11:05:11.909-0800][gc,phases    ] GC(13)   Evacuate Collection Set: 9.6ms
[2020-09-11T11:05:11.909-0800][gc,phases    ] GC(13)   Post Evacuate Collection Set: 1.4ms
[2020-09-11T11:05:11.909-0800][gc,phases    ] GC(13)   Other: 0.3ms
[2020-09-11T11:05:11.909-0800][gc,heap      ] GC(13) Eden regions: 241->0(241)
[2020-09-11T11:05:11.910-0800][gc,heap      ] GC(13) Survivor regions: 15->15(32)
[2020-09-11T11:05:11.910-0800][gc,heap      ] GC(13) Old regions: 28->28
[2020-09-11T11:05:11.910-0800][gc,heap      ] GC(13) Archive regions: 2->2
[2020-09-11T11:05:11.910-0800][gc,heap      ] GC(13) Humongous regions: 9->9
[2020-09-11T11:05:11.910-0800][gc,metaspace ] GC(13) Metaspace: 73692K(76032K)->73692K(76032K) NonClass: 65114K(66304K)->65114K(66304K) Class: 8577K(9728K)->8577K(9728K)
[2020-09-11T11:05:11.910-0800][gc           ] GC(13) Pause Young (Normal) (G1 Evacuation Pause) 292M->51M(512M) 11.650ms
[2020-09-11T11:05:11.910-0800][gc,cpu       ] GC(13) User=0.07s Sys=0.01s Real=0.02s
[2020-09-11T14:20:19.095-0800][gc,start     ] GC(14) Pause Young (Normal) (G1 Evacuation Pause)
[2020-09-11T14:20:19.095-0800][gc,task      ] GC(14) Using 8 workers of 8 for evacuation
[2020-09-11T14:20:19.104-0800][gc,phases    ] GC(14)   Pre Evacuate Collection Set: 0.1ms
[2020-09-11T14:20:19.104-0800][gc,phases    ] GC(14)   Merge Heap Roots: 0.1ms
[2020-09-11T14:20:19.104-0800][gc,phases    ] GC(14)   Evacuate Collection Set: 7.5ms
[2020-09-11T14:20:19.104-0800][gc,phases    ] GC(14)   Post Evacuate Collection Set: 1.5ms
[2020-09-11T14:20:19.104-0800][gc,phases    ] GC(14)   Other: 0.3ms
[2020-09-11T14:20:19.104-0800][gc,heap      ] GC(14) Eden regions: 241->0(240)
[2020-09-11T14:20:19.104-0800][gc,heap      ] GC(14) Survivor regions: 15->16(32)
[2020-09-11T14:20:19.104-0800][gc,heap      ] GC(14) Old regions: 28->28
[2020-09-11T14:20:19.104-0800][gc,heap      ] GC(14) Archive regions: 2->2
[2020-09-11T14:20:19.104-0800][gc,heap      ] GC(14) Humongous regions: 9->9
[2020-09-11T14:20:19.104-0800][gc,metaspace ] GC(14) Metaspace: 73724K(76032K)->73724K(76032K) NonClass: 65145K(66304K)->65145K(66304K) Class: 8579K(9728K)->8579K(9728K)
[2020-09-11T14:20:19.104-0800][gc           ] GC(14) Pause Young (Normal) (G1 Evacuation Pause) 292M->52M(512M) 9.495ms
[2020-09-11T14:20:19.104-0800][gc,cpu       ] GC(14) User=0.05s Sys=0.00s Real=0.01s
[2020-09-11T15:25:38.607-0800][gc,start     ] GC(15) Pause Young (Normal) (G1 Evacuation Pause)
[2020-09-11T15:25:38.607-0800][gc,task      ] GC(15) Using 8 workers of 8 for evacuation
[2020-09-11T15:25:38.624-0800][gc,phases    ] GC(15)   Pre Evacuate Collection Set: 0.1ms
[2020-09-11T15:25:38.624-0800][gc,phases    ] GC(15)   Merge Heap Roots: 0.2ms
[2020-09-11T15:25:38.624-0800][gc,phases    ] GC(15)   Evacuate Collection Set: 13.9ms
[2020-09-11T15:25:38.624-0800][gc,phases    ] GC(15)   Post Evacuate Collection Set: 2.4ms
[2020-09-11T15:25:38.624-0800][gc,phases    ] GC(15)   Other: 0.5ms
[2020-09-11T15:25:38.624-0800][gc,heap      ] GC(15) Eden regions: 240->0(241)
[2020-09-11T15:25:38.624-0800][gc,heap      ] GC(15) Survivor regions: 16->15(32)
[2020-09-11T15:25:38.624-0800][gc,heap      ] GC(15) Old regions: 28->28
[2020-09-11T15:25:38.624-0800][gc,heap      ] GC(15) Archive regions: 2->2
[2020-09-11T15:25:38.624-0800][gc,heap      ] GC(15) Humongous regions: 9->9
[2020-09-11T15:25:38.624-0800][gc,metaspace ] GC(15) Metaspace: 73746K(76032K)->73746K(76032K) NonClass: 65166K(66304K)->65166K(66304K) Class: 8579K(9728K)->8579K(9728K)
[2020-09-11T15:25:38.625-0800][gc           ] GC(15) Pause Young (Normal) (G1 Evacuation Pause) 292M->51M(512M) 17.409ms
[2020-09-11T15:25:38.625-0800][gc,cpu       ] GC(15) User=0.11s Sys=0.01s Real=0.02s
[2020-09-11T16:55:49.657-0800][gc,start     ] GC(16) Pause Young (Normal) (G1 Evacuation Pause)
[2020-09-11T16:55:49.657-0800][gc,task      ] GC(16) Using 8 workers of 8 for evacuation
[2020-09-11T16:55:49.666-0800][gc,phases    ] GC(16)   Pre Evacuate Collection Set: 0.1ms
[2020-09-11T16:55:49.666-0800][gc,phases    ] GC(16)   Merge Heap Roots: 0.1ms
[2020-09-11T16:55:49.666-0800][gc,phases    ] GC(16)   Evacuate Collection Set: 6.9ms
[2020-09-11T16:55:49.666-0800][gc,phases    ] GC(16)   Post Evacuate Collection Set: 1.6ms
[2020-09-11T16:55:49.666-0800][gc,phases    ] GC(16)   Other: 0.3ms
[2020-09-11T16:55:49.666-0800][gc,heap      ] GC(16) Eden regions: 241->0(241)
[2020-09-11T16:55:49.666-0800][gc,heap      ] GC(16) Survivor regions: 15->15(32)
[2020-09-11T16:55:49.666-0800][gc,heap      ] GC(16) Old regions: 28->28
[2020-09-11T16:55:49.666-0800][gc,heap      ] GC(16) Archive regions: 2->2
[2020-09-11T16:55:49.666-0800][gc,heap      ] GC(16) Humongous regions: 9->9
[2020-09-11T16:55:49.666-0800][gc,metaspace ] GC(16) Metaspace: 73833K(76288K)->73833K(76288K) NonClass: 65242K(66560K)->65242K(66560K) Class: 8590K(9728K)->8590K(9728K)
[2020-09-11T16:55:49.666-0800][gc           ] GC(16) Pause Young (Normal) (G1 Evacuation Pause) 292M->51M(512M) 8.988ms
[2020-09-11T16:55:49.666-0800][gc,cpu       ] GC(16) User=0.05s Sys=0.01s Real=0.01s
[2020-09-11T17:27:53.864-0800][gc,start     ] GC(17) Pause Young (Normal) (G1 Evacuation Pause)
[2020-09-11T17:27:53.865-0800][gc,task      ] GC(17) Using 8 workers of 8 for evacuation
[2020-09-11T17:27:53.876-0800][gc,phases    ] GC(17)   Pre Evacuate Collection Set: 0.1ms
[2020-09-11T17:27:53.876-0800][gc,phases    ] GC(17)   Merge Heap Roots: 0.2ms
[2020-09-11T17:27:53.876-0800][gc,phases    ] GC(17)   Evacuate Collection Set: 9.4ms
[2020-09-11T17:27:53.876-0800][gc,phases    ] GC(17)   Post Evacuate Collection Set: 1.8ms
[2020-09-11T17:27:53.876-0800][gc,phases    ] GC(17)   Other: 0.4ms
[2020-09-11T17:27:53.876-0800][gc,heap      ] GC(17) Eden regions: 241->0(241)
[2020-09-11T17:27:53.876-0800][gc,heap      ] GC(17) Survivor regions: 15->15(32)
[2020-09-11T17:27:53.876-0800][gc,heap      ] GC(17) Old regions: 28->28
[2020-09-11T17:27:53.876-0800][gc,heap      ] GC(17) Archive regions: 2->2
[2020-09-11T17:27:53.876-0800][gc,heap      ] GC(17) Humongous regions: 9->9
[2020-09-11T17:27:53.876-0800][gc,metaspace ] GC(17) Metaspace: 74024K(76288K)->74024K(76288K) NonClass: 65421K(66560K)->65421K(66560K) Class: 8603K(9728K)->8603K(9728K)
[2020-09-11T17:27:53.876-0800][gc           ] GC(17) Pause Young (Normal) (G1 Evacuation Pause) 292M->51M(512M) 12.043ms
[2020-09-11T17:27:53.877-0800][gc,cpu       ] GC(17) User=0.07s Sys=0.00s Real=0.01s
[2020-09-11T17:52:35.360-0800][gc,start     ] GC(18) Pause Young (Normal) (G1 Evacuation Pause)
[2020-09-11T17:52:35.361-0800][gc,task      ] GC(18) Using 8 workers of 8 for evacuation
[2020-09-11T17:52:35.373-0800][gc,phases    ] GC(18)   Pre Evacuate Collection Set: 0.1ms
[2020-09-11T17:52:35.373-0800][gc,phases    ] GC(18)   Merge Heap Roots: 0.1ms
[2020-09-11T17:52:35.373-0800][gc,phases    ] GC(18)   Evacuate Collection Set: 10.2ms
[2020-09-11T17:52:35.373-0800][gc,phases    ] GC(18)   Post Evacuate Collection Set: 1.3ms
[2020-09-11T17:52:35.373-0800][gc,phases    ] GC(18)   Other: 0.4ms
[2020-09-11T17:52:35.373-0800][gc,heap      ] GC(18) Eden regions: 241->0(241)
[2020-09-11T17:52:35.373-0800][gc,heap      ] GC(18) Survivor regions: 15->15(32)
[2020-09-11T17:52:35.373-0800][gc,heap      ] GC(18) Old regions: 28->28
[2020-09-11T17:52:35.373-0800][gc,heap      ] GC(18) Archive regions: 2->2
[2020-09-11T17:52:35.373-0800][gc,heap      ] GC(18) Humongous regions: 9->9
[2020-09-11T17:52:35.373-0800][gc,metaspace ] GC(18) Metaspace: 74061K(76544K)->74061K(76544K) NonClass: 65455K(66816K)->65455K(66816K) Class: 8606K(9728K)->8606K(9728K)
[2020-09-11T17:52:35.373-0800][gc           ] GC(18) Pause Young (Normal) (G1 Evacuation Pause) 292M->51M(512M) 12.384ms
[2020-09-11T17:52:35.373-0800][gc,cpu       ] GC(18) User=0.07s Sys=0.00s Real=0.01s
[2020-09-11T18:21:18.917-0800][gc,start     ] GC(19) Pause Young (Normal) (G1 Evacuation Pause)
[2020-09-11T18:21:18.918-0800][gc,task      ] GC(19) Using 8 workers of 8 for evacuation
[2020-09-11T18:21:18.930-0800][gc,phases    ] GC(19)   Pre Evacuate Collection Set: 0.1ms
[2020-09-11T18:21:18.930-0800][gc,phases    ] GC(19)   Merge Heap Roots: 0.1ms
[2020-09-11T18:21:18.930-0800][gc,phases    ] GC(19)   Evacuate Collection Set: 10.3ms
[2020-09-11T18:21:18.930-0800][gc,phases    ] GC(19)   Post Evacuate Collection Set: 1.5ms
[2020-09-11T18:21:18.930-0800][gc,phases    ] GC(19)   Other: 1.2ms
[2020-09-11T18:21:18.930-0800][gc,heap      ] GC(19) Eden regions: 241->0(241)
[2020-09-11T18:21:18.930-0800][gc,heap      ] GC(19) Survivor regions: 15->15(32)
[2020-09-11T18:21:18.930-0800][gc,heap      ] GC(19) Old regions: 28->28
[2020-09-11T18:21:18.930-0800][gc,heap      ] GC(19) Archive regions: 2->2
[2020-09-11T18:21:18.930-0800][gc,heap      ] GC(19) Humongous regions: 9->9
[2020-09-11T18:21:18.930-0800][gc,metaspace ] GC(19) Metaspace: 74072K(76544K)->74072K(76544K) NonClass: 65463K(66816K)->65463K(66816K) Class: 8608K(9728K)->8608K(9728K)
[2020-09-11T18:21:18.930-0800][gc           ] GC(19) Pause Young (Normal) (G1 Evacuation Pause) 292M->51M(512M) 13.333ms
[2020-09-11T18:21:18.930-0800][gc,cpu       ] GC(19) User=0.08s Sys=0.00s Real=0.02s
[2020-09-11T19:05:41.233-0800][gc,start     ] GC(20) Pause Young (Normal) (G1 Evacuation Pause)
[2020-09-11T19:05:41.233-0800][gc,task      ] GC(20) Using 8 workers of 8 for evacuation
[2020-09-11T19:05:41.251-0800][gc,phases    ] GC(20)   Pre Evacuate Collection Set: 0.3ms
[2020-09-11T19:05:41.251-0800][gc,phases    ] GC(20)   Merge Heap Roots: 0.3ms
[2020-09-11T19:05:41.251-0800][gc,phases    ] GC(20)   Evacuate Collection Set: 15.6ms
[2020-09-11T19:05:41.251-0800][gc,phases    ] GC(20)   Post Evacuate Collection Set: 1.6ms
[2020-09-11T19:05:41.251-0800][gc,phases    ] GC(20)   Other: 0.6ms
[2020-09-11T19:05:41.251-0800][gc,heap      ] GC(20) Eden regions: 241->0(241)
[2020-09-11T19:05:41.251-0800][gc,heap      ] GC(20) Survivor regions: 15->15(32)
[2020-09-11T19:05:41.251-0800][gc,heap      ] GC(20) Old regions: 28->28
[2020-09-11T19:05:41.251-0800][gc,heap      ] GC(20) Archive regions: 2->2
[2020-09-11T19:05:41.251-0800][gc,heap      ] GC(20) Humongous regions: 9->9
[2020-09-11T19:05:41.251-0800][gc,metaspace ] GC(20) Metaspace: 74090K(76544K)->74090K(76544K) NonClass: 65481K(66816K)->65481K(66816K) Class: 8609K(9728K)->8609K(9728K)
[2020-09-11T19:05:41.252-0800][gc           ] GC(20) Pause Young (Normal) (G1 Evacuation Pause) 292M->51M(512M) 18.436ms
[2020-09-11T19:05:41.252-0800][gc,cpu       ] GC(20) User=0.12s Sys=0.00s Real=0.02s
[2020-09-11T19:15:32.097-0800][gc,start     ] GC(21) Pause Young (Normal) (G1 Evacuation Pause)
[2020-09-11T19:15:32.097-0800][gc,task      ] GC(21) Using 8 workers of 8 for evacuation
[2020-09-11T19:15:32.114-0800][gc,phases    ] GC(21)   Pre Evacuate Collection Set: 0.2ms
[2020-09-11T19:15:32.114-0800][gc,phases    ] GC(21)   Merge Heap Roots: 0.2ms
[2020-09-11T19:15:32.114-0800][gc,phases    ] GC(21)   Evacuate Collection Set: 15.0ms
[2020-09-11T19:15:32.114-0800][gc,phases    ] GC(21)   Post Evacuate Collection Set: 1.7ms
[2020-09-11T19:15:32.114-0800][gc,phases    ] GC(21)   Other: 0.6ms
[2020-09-11T19:15:32.114-0800][gc,heap      ] GC(21) Eden regions: 241->0(241)
[2020-09-11T19:15:32.114-0800][gc,heap      ] GC(21) Survivor regions: 15->15(32)
[2020-09-11T19:15:32.114-0800][gc,heap      ] GC(21) Old regions: 28->28
[2020-09-11T19:15:32.114-0800][gc,heap      ] GC(21) Archive regions: 2->2
[2020-09-11T19:15:32.114-0800][gc,heap      ] GC(21) Humongous regions: 11->11
[2020-09-11T19:15:32.114-0800][gc,metaspace ] GC(21) Metaspace: 74092K(76544K)->74092K(76544K) NonClass: 65483K(66816K)->65483K(66816K) Class: 8609K(9728K)->8609K(9728K)
[2020-09-11T19:15:32.114-0800][gc           ] GC(21) Pause Young (Normal) (G1 Evacuation Pause) 294M->53M(512M) 17.906ms
[2020-09-11T19:15:32.115-0800][gc,cpu       ] GC(21) User=0.11s Sys=0.00s Real=0.02s
[2020-09-11T23:06:15.650-0800][gc,start     ] GC(22) Pause Young (Normal) (G1 Evacuation Pause)
[2020-09-11T23:06:15.650-0800][gc,task      ] GC(22) Using 8 workers of 8 for evacuation
[2020-09-11T23:06:15.659-0800][gc,phases    ] GC(22)   Pre Evacuate Collection Set: 0.1ms
[2020-09-11T23:06:15.659-0800][gc,phases    ] GC(22)   Merge Heap Roots: 0.1ms
[2020-09-11T23:06:15.659-0800][gc,phases    ] GC(22)   Evacuate Collection Set: 7.0ms
[2020-09-11T23:06:15.659-0800][gc,phases    ] GC(22)   Post Evacuate Collection Set: 1.5ms
[2020-09-11T23:06:15.659-0800][gc,phases    ] GC(22)   Other: 0.3ms
[2020-09-11T23:06:15.659-0800][gc,heap      ] GC(22) Eden regions: 241->0(241)
[2020-09-11T23:06:15.659-0800][gc,heap      ] GC(22) Survivor regions: 15->15(32)
[2020-09-11T23:06:15.659-0800][gc,heap      ] GC(22) Old regions: 28->28
[2020-09-11T23:06:15.659-0800][gc,heap      ] GC(22) Archive regions: 2->2
[2020-09-11T23:06:15.659-0800][gc,heap      ] GC(22) Humongous regions: 11->11
[2020-09-11T23:06:15.659-0800][gc,metaspace ] GC(22) Metaspace: 74098K(76544K)->74098K(76544K) NonClass: 65488K(66816K)->65488K(66816K) Class: 8609K(9728K)->8609K(9728K)
[2020-09-11T23:06:15.659-0800][gc           ] GC(22) Pause Young (Normal) (G1 Evacuation Pause) 294M->53M(512M) 9.114ms
[2020-09-11T23:06:15.659-0800][gc,cpu       ] GC(22) User=0.05s Sys=0.00s Real=0.00s
[2020-09-11T23:06:16.230-0800][gc,start     ] GC(23) Pause Young (Normal) (G1 Evacuation Pause)
[2020-09-11T23:06:16.230-0800][gc,task      ] GC(23) Using 8 workers of 8 for evacuation
[2020-09-11T23:06:16.237-0800][gc,phases    ] GC(23)   Pre Evacuate Collection Set: 0.0ms
[2020-09-11T23:06:16.237-0800][gc,phases    ] GC(23)   Merge Heap Roots: 0.1ms
[2020-09-11T23:06:16.237-0800][gc,phases    ] GC(23)   Evacuate Collection Set: 6.1ms
[2020-09-11T23:06:16.237-0800][gc,phases    ] GC(23)   Post Evacuate Collection Set: 0.8ms
[2020-09-11T23:06:16.237-0800][gc,phases    ] GC(23)   Other: 0.2ms
[2020-09-11T23:06:16.237-0800][gc,heap      ] GC(23) Eden regions: 241->0(241)
[2020-09-11T23:06:16.237-0800][gc,heap      ] GC(23) Survivor regions: 15->15(32)
[2020-09-11T23:06:16.237-0800][gc,heap      ] GC(23) Old regions: 28->28
[2020-09-11T23:06:16.237-0800][gc,heap      ] GC(23) Archive regions: 2->2
[2020-09-11T23:06:16.237-0800][gc,heap      ] GC(23) Humongous regions: 11->11
[2020-09-11T23:06:16.237-0800][gc,metaspace ] GC(23) Metaspace: 74098K(76544K)->74098K(76544K) NonClass: 65488K(66816K)->65488K(66816K) Class: 8609K(9728K)->8609K(9728K)
[2020-09-11T23:06:16.237-0800][gc           ] GC(23) Pause Young (Normal) (G1 Evacuation Pause) 294M->53M(512M) 7.320ms
[2020-09-11T23:06:16.237-0800][gc,cpu       ] GC(23) User=0.05s Sys=0.00s Real=0.00s
[2020-09-11T23:08:58.269-0800][gc,start     ] GC(24) Pause Young (Normal) (G1 Evacuation Pause)
[2020-09-11T23:08:58.269-0800][gc,task      ] GC(24) Using 8 workers of 8 for evacuation
[2020-09-11T23:08:58.279-0800][gc,phases    ] GC(24)   Pre Evacuate Collection Set: 0.1ms
[2020-09-11T23:08:58.279-0800][gc,phases    ] GC(24)   Merge Heap Roots: 0.1ms
[2020-09-11T23:08:58.279-0800][gc,phases    ] GC(24)   Evacuate Collection Set: 8.1ms
[2020-09-11T23:08:58.279-0800][gc,phases    ] GC(24)   Post Evacuate Collection Set: 1.3ms
[2020-09-11T23:08:58.279-0800][gc,phases    ] GC(24)   Other: 0.3ms
[2020-09-11T23:08:58.279-0800][gc,heap      ] GC(24) Eden regions: 241->0(246)
[2020-09-11T23:08:58.279-0800][gc,heap      ] GC(24) Survivor regions: 15->10(32)
[2020-09-11T23:08:58.279-0800][gc,heap      ] GC(24) Old regions: 28->33
[2020-09-11T23:08:58.279-0800][gc,heap      ] GC(24) Archive regions: 2->2
[2020-09-11T23:08:58.279-0800][gc,heap      ] GC(24) Humongous regions: 11->11
[2020-09-11T23:08:58.279-0800][gc,metaspace ] GC(24) Metaspace: 74108K(76544K)->74108K(76544K) NonClass: 65497K(66816K)->65497K(66816K) Class: 8610K(9728K)->8610K(9728K)
[2020-09-11T23:08:58.279-0800][gc           ] GC(24) Pause Young (Normal) (G1 Evacuation Pause) 294M->54M(512M) 9.972ms
[2020-09-11T23:08:58.279-0800][gc,cpu       ] GC(24) User=0.06s Sys=0.00s Real=0.01s
[2020-09-11T23:20:07.601-0800][gc,start     ] GC(25) Pause Young (Normal) (G1 Evacuation Pause)
[2020-09-11T23:20:07.601-0800][gc,task      ] GC(25) Using 8 workers of 8 for evacuation
[2020-09-11T23:20:07.608-0800][gc,phases    ] GC(25)   Pre Evacuate Collection Set: 0.1ms
[2020-09-11T23:20:07.608-0800][gc,phases    ] GC(25)   Merge Heap Roots: 0.1ms
[2020-09-11T23:20:07.608-0800][gc,phases    ] GC(25)   Evacuate Collection Set: 5.0ms
[2020-09-11T23:20:07.608-0800][gc,phases    ] GC(25)   Post Evacuate Collection Set: 0.8ms
[2020-09-11T23:20:07.608-0800][gc,phases    ] GC(25)   Other: 0.3ms
[2020-09-11T23:20:07.608-0800][gc,heap      ] GC(25) Eden regions: 246->0(252)
[2020-09-11T23:20:07.608-0800][gc,heap      ] GC(25) Survivor regions: 10->4(32)
[2020-09-11T23:20:07.608-0800][gc,heap      ] GC(25) Old regions: 33->39
[2020-09-11T23:20:07.608-0800][gc,heap      ] GC(25) Archive regions: 2->2
[2020-09-11T23:20:07.608-0800][gc,heap      ] GC(25) Humongous regions: 13->13
[2020-09-11T23:20:07.608-0800][gc,metaspace ] GC(25) Metaspace: 74131K(76544K)->74131K(76544K) NonClass: 65519K(66816K)->65519K(66816K) Class: 8611K(9728K)->8611K(9728K)
[2020-09-11T23:20:07.608-0800][gc           ] GC(25) Pause Young (Normal) (G1 Evacuation Pause) 302M->55M(512M) 6.366ms
[2020-09-11T23:20:07.608-0800][gc,cpu       ] GC(25) User=0.04s Sys=0.01s Real=0.00s
[2020-09-12T00:49:24.088-0800][gc,start     ] GC(26) Pause Young (Normal) (G1 Evacuation Pause)
[2020-09-12T00:49:24.088-0800][gc,task      ] GC(26) Using 8 workers of 8 for evacuation
[2020-09-12T00:49:24.098-0800][gc,phases    ] GC(26)   Pre Evacuate Collection Set: 0.2ms
[2020-09-12T00:49:24.098-0800][gc,phases    ] GC(26)   Merge Heap Roots: 0.2ms
[2020-09-12T00:49:24.098-0800][gc,phases    ] GC(26)   Evacuate Collection Set: 7.7ms
[2020-09-12T00:49:24.098-0800][gc,phases    ] GC(26)   Post Evacuate Collection Set: 1.8ms
[2020-09-12T00:49:24.098-0800][gc,phases    ] GC(26)   Other: 0.5ms
[2020-09-12T00:49:24.098-0800][gc,heap      ] GC(26) Eden regions: 252->0(252)
[2020-09-12T00:49:24.098-0800][gc,heap      ] GC(26) Survivor regions: 4->4(32)
[2020-09-12T00:49:24.098-0800][gc,heap      ] GC(26) Old regions: 39->40
[2020-09-12T00:49:24.098-0800][gc,heap      ] GC(26) Archive regions: 2->2
[2020-09-12T00:49:24.098-0800][gc,heap      ] GC(26) Humongous regions: 13->13
[2020-09-12T00:49:24.098-0800][gc,metaspace ] GC(26) Metaspace: 74891K(77440K)->74891K(77440K) NonClass: 66180K(67328K)->66180K(67328K) Class: 8711K(10112K)->8711K(10112K)
[2020-09-12T00:49:24.098-0800][gc           ] GC(26) Pause Young (Normal) (G1 Evacuation Pause) 307M->57M(512M) 10.559ms
[2020-09-12T00:49:24.098-0800][gc,cpu       ] GC(26) User=0.05s Sys=0.00s Real=0.01s
[2020-09-12T00:58:00.336-0800][gc,heap,exit ] Heap
[2020-09-12T00:58:00.336-0800][gc,heap,exit ]  garbage-first heap   total 524288K, used 251217K [0x00000007e0000000, 0x0000000800000000)
[2020-09-12T00:58:00.336-0800][gc,heap,exit ]   region size 1024K, 193 young (197632K), 4 survivors (4096K)
[2020-09-12T00:58:00.336-0800][gc,heap,exit ]  Metaspace       used 75810K, capacity 78497K, committed 78720K, reserved 1118208K
[2020-09-12T00:58:00.336-0800][gc,heap,exit ]   class space    used 8817K, capacity 10319K, committed 10368K, reserved 1048576K
