[2020-09-11T01:35:10.436-0800][gc,heap] Heap region size: 1M
[2020-09-11T01:35:10.436-0800][gc,heap,coops] Heap address: 0x00000007e0000000, size: 512 MB, Compressed Oops mode: Zero based, Oop shift amount: 3
[2020-09-11T01:35:10.440-0800][gc           ] Using G1
[2020-09-11T01:35:10.440-0800][gc,cds       ] Mark closed archive regions in map: [0x00000007fff00000, 0x00000007fff7aff8]
[2020-09-11T01:35:10.440-0800][gc,cds       ] Mark open archive regions in map: [0x00000007ffe00000, 0x00000007ffe50ff8]
[2020-09-11T01:35:10.455-0800][gc           ] Periodic GC disabled
[2020-09-11T01:35:16.528-0800][gc,start     ] GC(0) Pause Young (Normal) (G1 Evacuation Pause)
[2020-09-11T01:35:16.528-0800][gc,task      ] GC(0) Using 8 workers of 8 for evacuation
[2020-09-11T01:35:16.535-0800][gc,phases    ] GC(0)   Pre Evacuate Collection Set: 0.1ms
[2020-09-11T01:35:16.535-0800][gc,phases    ] GC(0)   Merge Heap Roots: 0.1ms
[2020-09-11T01:35:16.535-0800][gc,phases    ] GC(0)   Evacuate Collection Set: 5.3ms
[2020-09-11T01:35:16.535-0800][gc,phases    ] GC(0)   Post Evacuate Collection Set: 0.7ms
[2020-09-11T01:35:16.535-0800][gc,phases    ] GC(0)   Other: 0.5ms
[2020-09-11T01:35:16.535-0800][gc,heap      ] GC(0) Eden regions: 256->0(249)
[2020-09-11T01:35:16.535-0800][gc,heap      ] GC(0) Survivor regions: 0->7(32)
[2020-09-11T01:35:16.535-0800][gc,heap      ] GC(0) Old regions: 0->0
[2020-09-11T01:35:16.535-0800][gc,heap      ] GC(0) Archive regions: 2->2
[2020-09-11T01:35:16.535-0800][gc,heap      ] GC(0) Humongous regions: 0->0
[2020-09-11T01:35:16.535-0800][gc,metaspace ] GC(0) Metaspace: 17474K(18304K)->17474K(18304K) NonClass: 15334K(15872K)->15334K(15872K) Class: 2139K(2432K)->2139K(2432K)
[2020-09-11T01:35:16.535-0800][gc           ] GC(0) Pause Young (Normal) (G1 Evacuation Pause) 256M->7M(512M) 6.766ms
[2020-09-11T01:35:16.535-0800][gc,cpu       ] GC(0) User=0.03s Sys=0.01s Real=0.01s
[2020-09-11T01:35:17.078-0800][gc,start     ] GC(1) Pause Young (Concurrent Start) (Metadata GC Threshold)
[2020-09-11T01:35:17.078-0800][gc,task      ] GC(1) Using 8 workers of 8 for evacuation
[2020-09-11T01:35:17.083-0800][gc,phases    ] GC(1)   Pre Evacuate Collection Set: 0.1ms
[2020-09-11T01:35:17.083-0800][gc,phases    ] GC(1)   Merge Heap Roots: 0.0ms
[2020-09-11T01:35:17.083-0800][gc,phases    ] GC(1)   Evacuate Collection Set: 4.6ms
[2020-09-11T01:35:17.083-0800][gc,phases    ] GC(1)   Post Evacuate Collection Set: 0.6ms
[2020-09-11T01:35:17.083-0800][gc,phases    ] GC(1)   Other: 0.2ms
[2020-09-11T01:35:17.084-0800][gc,heap      ] GC(1) Eden regions: 129->0(248)
[2020-09-11T01:35:17.084-0800][gc,heap      ] GC(1) Survivor regions: 7->8(32)
[2020-09-11T01:35:17.084-0800][gc,heap      ] GC(1) Old regions: 0->0
[2020-09-11T01:35:17.084-0800][gc,heap      ] GC(1) Archive regions: 2->2
[2020-09-11T01:35:17.084-0800][gc,heap      ] GC(1) Humongous regions: 0->0
[2020-09-11T01:35:17.084-0800][gc,metaspace ] GC(1) Metaspace: 20581K(21248K)->20581K(21248K) NonClass: 18020K(18432K)->18020K(18432K) Class: 2560K(2816K)->2560K(2816K)
[2020-09-11T01:35:17.084-0800][gc           ] GC(1) Pause Young (Concurrent Start) (Metadata GC Threshold) 136M->8M(512M) 5.716ms
[2020-09-11T01:35:17.084-0800][gc,cpu       ] GC(1) User=0.03s Sys=0.00s Real=0.01s
[2020-09-11T01:35:17.084-0800][gc           ] GC(2) Concurrent Cycle
[2020-09-11T01:35:17.084-0800][gc,marking   ] GC(2) Concurrent Clear Claimed Marks
[2020-09-11T01:35:17.084-0800][gc,marking   ] GC(2) Concurrent Clear Claimed Marks 0.054ms
[2020-09-11T01:35:17.084-0800][gc,marking   ] GC(2) Concurrent Scan Root Regions
[2020-09-11T01:35:17.087-0800][gc,marking   ] GC(2) Concurrent Scan Root Regions 2.987ms
[2020-09-11T01:35:17.087-0800][gc,marking   ] GC(2) Concurrent Mark (6.656s)
[2020-09-11T01:35:17.087-0800][gc,marking   ] GC(2) Concurrent Mark From Roots
[2020-09-11T01:35:17.087-0800][gc,task      ] GC(2) Using 2 workers of 2 for marking
[2020-09-11T01:35:17.088-0800][gc,marking   ] GC(2) Concurrent Mark From Roots 0.973ms
[2020-09-11T01:35:17.088-0800][gc,marking   ] GC(2) Concurrent Preclean
[2020-09-11T01:35:17.088-0800][gc,marking   ] GC(2) Concurrent Preclean 0.028ms
[2020-09-11T01:35:17.088-0800][gc,marking   ] GC(2) Concurrent Mark (6.656s, 6.657s) 1.116ms
[2020-09-11T01:35:17.088-0800][gc,start     ] GC(2) Pause Remark
[2020-09-11T01:35:17.089-0800][gc           ] GC(2) Pause Remark 9M->9M(512M) 0.934ms
[2020-09-11T01:35:17.089-0800][gc,cpu       ] GC(2) User=0.00s Sys=0.00s Real=0.00s
[2020-09-11T01:35:17.089-0800][gc,marking   ] GC(2) Concurrent Rebuild Remembered Sets
[2020-09-11T01:35:17.089-0800][gc,marking   ] GC(2) Concurrent Rebuild Remembered Sets 0.356ms
[2020-09-11T01:35:17.090-0800][gc,start     ] GC(2) Pause Cleanup
[2020-09-11T01:35:17.090-0800][gc           ] GC(2) Pause Cleanup 9M->9M(512M) 0.079ms
[2020-09-11T01:35:17.090-0800][gc,cpu       ] GC(2) User=0.00s Sys=0.00s Real=0.00s
[2020-09-11T01:35:17.090-0800][gc,marking   ] GC(2) Concurrent Cleanup for Next Mark
[2020-09-11T01:35:17.092-0800][gc,marking   ] GC(2) Concurrent Cleanup for Next Mark 2.355ms
[2020-09-11T01:35:17.092-0800][gc           ] GC(2) Concurrent Cycle 8.586ms
[2020-09-11T01:35:17.965-0800][gc,start     ] GC(3) Pause Young (Normal) (G1 Evacuation Pause)
[2020-09-11T01:35:17.965-0800][gc,task      ] GC(3) Using 8 workers of 8 for evacuation
[2020-09-11T01:35:17.972-0800][gc,phases    ] GC(3)   Pre Evacuate Collection Set: 0.1ms
[2020-09-11T01:35:17.972-0800][gc,phases    ] GC(3)   Merge Heap Roots: 0.0ms
[2020-09-11T01:35:17.972-0800][gc,phases    ] GC(3)   Evacuate Collection Set: 5.7ms
[2020-09-11T01:35:17.972-0800][gc,phases    ] GC(3)   Post Evacuate Collection Set: 0.8ms
[2020-09-11T01:35:17.972-0800][gc,phases    ] GC(3)   Other: 0.1ms
[2020-09-11T01:35:17.972-0800][gc,heap      ] GC(3) Eden regions: 248->0(244)
[2020-09-11T01:35:17.972-0800][gc,heap      ] GC(3) Survivor regions: 8->12(32)
[2020-09-11T01:35:17.972-0800][gc,heap      ] GC(3) Old regions: 0->0
[2020-09-11T01:35:17.972-0800][gc,heap      ] GC(3) Archive regions: 2->2
[2020-09-11T01:35:17.972-0800][gc,heap      ] GC(3) Humongous regions: 0->0
[2020-09-11T01:35:17.972-0800][gc,metaspace ] GC(3) Metaspace: 23712K(24704K)->23712K(24704K) NonClass: 20816K(21504K)->20816K(21504K) Class: 2895K(3200K)->2895K(3200K)
[2020-09-11T01:35:17.972-0800][gc           ] GC(3) Pause Young (Normal) (G1 Evacuation Pause) 256M->12M(512M) 6.865ms
[2020-09-11T01:35:17.972-0800][gc,cpu       ] GC(3) User=0.04s Sys=0.01s Real=0.01s
[2020-09-11T01:35:18.830-0800][gc,start     ] GC(4) Pause Young (Normal) (G1 Evacuation Pause)
[2020-09-11T01:35:18.830-0800][gc,task      ] GC(4) Using 8 workers of 8 for evacuation
[2020-09-11T01:35:18.837-0800][gc,phases    ] GC(4)   Pre Evacuate Collection Set: 0.1ms
[2020-09-11T01:35:18.837-0800][gc,phases    ] GC(4)   Merge Heap Roots: 0.0ms
[2020-09-11T01:35:18.837-0800][gc,phases    ] GC(4)   Evacuate Collection Set: 6.1ms
[2020-09-11T01:35:18.837-0800][gc,phases    ] GC(4)   Post Evacuate Collection Set: 1.0ms
[2020-09-11T01:35:18.837-0800][gc,phases    ] GC(4)   Other: 0.2ms
[2020-09-11T01:35:18.837-0800][gc,heap      ] GC(4) Eden regions: 244->0(240)
[2020-09-11T01:35:18.837-0800][gc,heap      ] GC(4) Survivor regions: 12->16(32)
[2020-09-11T01:35:18.837-0800][gc,heap      ] GC(4) Old regions: 0->0
[2020-09-11T01:35:18.837-0800][gc,heap      ] GC(4) Archive regions: 2->2
[2020-09-11T01:35:18.837-0800][gc,heap      ] GC(4) Humongous regions: 0->0
[2020-09-11T01:35:18.837-0800][gc,metaspace ] GC(4) Metaspace: 26641K(27520K)->26641K(27520K) NonClass: 23318K(23808K)->23318K(23808K) Class: 3323K(3712K)->3323K(3712K)
[2020-09-11T01:35:18.837-0800][gc           ] GC(4) Pause Young (Normal) (G1 Evacuation Pause) 256M->16M(512M) 7.397ms
[2020-09-11T01:35:18.837-0800][gc,cpu       ] GC(4) User=0.05s Sys=0.00s Real=0.00s
[2020-09-11T01:35:19.666-0800][gc,start     ] GC(5) Pause Young (Concurrent Start) (Metadata GC Threshold)
[2020-09-11T01:35:19.666-0800][gc,task      ] GC(5) Using 8 workers of 8 for evacuation
[2020-09-11T01:35:19.676-0800][gc,phases    ] GC(5)   Pre Evacuate Collection Set: 0.1ms
[2020-09-11T01:35:19.676-0800][gc,phases    ] GC(5)   Merge Heap Roots: 0.0ms
[2020-09-11T01:35:19.676-0800][gc,phases    ] GC(5)   Evacuate Collection Set: 8.6ms
[2020-09-11T01:35:19.676-0800][gc,phases    ] GC(5)   Post Evacuate Collection Set: 1.2ms
[2020-09-11T01:35:19.676-0800][gc,phases    ] GC(5)   Other: 0.2ms
[2020-09-11T01:35:19.676-0800][gc,heap      ] GC(5) Eden regions: 161->0(233)
[2020-09-11T01:35:19.676-0800][gc,heap      ] GC(5) Survivor regions: 16->23(32)
[2020-09-11T01:35:19.676-0800][gc,heap      ] GC(5) Old regions: 0->0
[2020-09-11T01:35:19.676-0800][gc,heap      ] GC(5) Archive regions: 2->2
[2020-09-11T01:35:19.677-0800][gc,heap      ] GC(5) Humongous regions: 0->0
[2020-09-11T01:35:19.677-0800][gc,metaspace ] GC(5) Metaspace: 34675K(35840K)->34675K(35840K) NonClass: 30376K(31104K)->30376K(31104K) Class: 4299K(4736K)->4299K(4736K)
[2020-09-11T01:35:19.677-0800][gc           ] GC(5) Pause Young (Concurrent Start) (Metadata GC Threshold) 177M->23M(512M) 10.243ms
[2020-09-11T01:35:19.677-0800][gc,cpu       ] GC(5) User=0.06s Sys=0.00s Real=0.01s
[2020-09-11T01:35:19.677-0800][gc           ] GC(6) Concurrent Cycle
[2020-09-11T01:35:19.677-0800][gc,marking   ] GC(6) Concurrent Clear Claimed Marks
[2020-09-11T01:35:19.677-0800][gc,marking   ] GC(6) Concurrent Clear Claimed Marks 0.068ms
[2020-09-11T01:35:19.677-0800][gc,marking   ] GC(6) Concurrent Scan Root Regions
[2020-09-11T01:35:19.683-0800][gc,marking   ] GC(6) Concurrent Scan Root Regions 6.565ms
[2020-09-11T01:35:19.683-0800][gc,marking   ] GC(6) Concurrent Mark (9.253s)
[2020-09-11T01:35:19.683-0800][gc,marking   ] GC(6) Concurrent Mark From Roots
[2020-09-11T01:35:19.683-0800][gc,task      ] GC(6) Using 2 workers of 2 for marking
[2020-09-11T01:35:19.684-0800][gc,marking   ] GC(6) Concurrent Mark From Roots 0.959ms
[2020-09-11T01:35:19.684-0800][gc,marking   ] GC(6) Concurrent Preclean
[2020-09-11T01:35:19.684-0800][gc,marking   ] GC(6) Concurrent Preclean 0.019ms
[2020-09-11T01:35:19.684-0800][gc,marking   ] GC(6) Concurrent Mark (9.253s, 9.254s) 1.026ms
[2020-09-11T01:35:19.684-0800][gc,start     ] GC(6) Pause Remark
[2020-09-11T01:35:19.686-0800][gc           ] GC(6) Pause Remark 24M->24M(512M) 1.586ms
[2020-09-11T01:35:19.686-0800][gc,cpu       ] GC(6) User=0.00s Sys=0.00s Real=0.00s
[2020-09-11T01:35:19.686-0800][gc,marking   ] GC(6) Concurrent Rebuild Remembered Sets
[2020-09-11T01:35:19.687-0800][gc,marking   ] GC(6) Concurrent Rebuild Remembered Sets 0.333ms
[2020-09-11T01:35:19.687-0800][gc,start     ] GC(6) Pause Cleanup
[2020-09-11T01:35:19.687-0800][gc           ] GC(6) Pause Cleanup 24M->24M(512M) 0.080ms
[2020-09-11T01:35:19.687-0800][gc,cpu       ] GC(6) User=0.00s Sys=0.00s Real=0.00s
[2020-09-11T01:35:19.687-0800][gc,marking   ] GC(6) Concurrent Cleanup for Next Mark
[2020-09-11T01:35:19.690-0800][gc,marking   ] GC(6) Concurrent Cleanup for Next Mark 2.675ms
[2020-09-11T01:35:19.690-0800][gc           ] GC(6) Concurrent Cycle 13.039ms
[2020-09-11T01:35:23.851-0800][gc,heap,exit ] Heap
[2020-09-11T01:35:23.851-0800][gc,heap,exit ]  garbage-first heap   total 524288K, used 224732K [0x00000007e0000000, 0x0000000800000000)
[2020-09-11T01:35:23.851-0800][gc,heap,exit ]   region size 1024K, 220 young (225280K), 23 survivors (23552K)
[2020-09-11T01:35:23.851-0800][gc,heap,exit ]  Metaspace       used 46361K, capacity 47455K, committed 48000K, reserved 1091584K
[2020-09-11T01:35:23.851-0800][gc,heap,exit ]   class space    used 5719K, capacity 6140K, committed 6272K, reserved 1048576K
