[2020-09-11T01:38:07.741-0800][gc,heap] Heap region size: 1M
[2020-09-11T01:38:07.741-0800][gc,heap,coops] Heap address: 0x00000007e0000000, size: 512 MB, Compressed Oops mode: Zero based, Oop shift amount: 3
[2020-09-11T01:38:07.745-0800][gc           ] Using G1
[2020-09-11T01:38:07.746-0800][gc,cds       ] Mark closed archive regions in map: [0x00000007fff00000, 0x00000007fff7aff8]
[2020-09-11T01:38:07.746-0800][gc,cds       ] Mark open archive regions in map: [0x00000007ffe00000, 0x00000007ffe50ff8]
[2020-09-11T01:38:07.762-0800][gc           ] Periodic GC disabled
[2020-09-11T01:38:14.286-0800][gc,start     ] GC(0) Pause Young (Normal) (G1 Evacuation Pause)
[2020-09-11T01:38:14.286-0800][gc,task      ] GC(0) Using 8 workers of 8 for evacuation
[2020-09-11T01:38:14.294-0800][gc,phases    ] GC(0)   Pre Evacuate Collection Set: 0.1ms
[2020-09-11T01:38:14.294-0800][gc,phases    ] GC(0)   Merge Heap Roots: 0.1ms
[2020-09-11T01:38:14.294-0800][gc,phases    ] GC(0)   Evacuate Collection Set: 5.7ms
[2020-09-11T01:38:14.294-0800][gc,phases    ] GC(0)   Post Evacuate Collection Set: 1.3ms
[2020-09-11T01:38:14.294-0800][gc,phases    ] GC(0)   Other: 0.7ms
[2020-09-11T01:38:14.294-0800][gc,heap      ] GC(0) Eden regions: 256->0(249)
[2020-09-11T01:38:14.294-0800][gc,heap      ] GC(0) Survivor regions: 0->7(32)
[2020-09-11T01:38:14.294-0800][gc,heap      ] GC(0) Old regions: 0->0
[2020-09-11T01:38:14.294-0800][gc,heap      ] GC(0) Archive regions: 2->2
[2020-09-11T01:38:14.294-0800][gc,heap      ] GC(0) Humongous regions: 0->0
[2020-09-11T01:38:14.294-0800][gc,metaspace ] GC(0) Metaspace: 18188K(18944K)->18188K(18944K) NonClass: 15955K(16384K)->15955K(16384K) Class: 2233K(2560K)->2233K(2560K)
[2020-09-11T01:38:14.294-0800][gc           ] GC(0) Pause Young (Normal) (G1 Evacuation Pause) 256M->7M(512M) 8.073ms
[2020-09-11T01:38:14.294-0800][gc,cpu       ] GC(0) User=0.04s Sys=0.01s Real=0.01s
[2020-09-11T01:38:14.665-0800][gc,start     ] GC(1) Pause Young (Concurrent Start) (Metadata GC Threshold)
[2020-09-11T01:38:14.665-0800][gc,task      ] GC(1) Using 8 workers of 8 for evacuation
[2020-09-11T01:38:14.669-0800][gc,phases    ] GC(1)   Pre Evacuate Collection Set: 0.1ms
[2020-09-11T01:38:14.669-0800][gc,phases    ] GC(1)   Merge Heap Roots: 0.0ms
[2020-09-11T01:38:14.669-0800][gc,phases    ] GC(1)   Evacuate Collection Set: 3.5ms
[2020-09-11T01:38:14.669-0800][gc,phases    ] GC(1)   Post Evacuate Collection Set: 0.6ms
[2020-09-11T01:38:14.669-0800][gc,phases    ] GC(1)   Other: 0.2ms
[2020-09-11T01:38:14.669-0800][gc,heap      ] GC(1) Eden regions: 98->0(247)
[2020-09-11T01:38:14.669-0800][gc,heap      ] GC(1) Survivor regions: 7->9(32)
[2020-09-11T01:38:14.669-0800][gc,heap      ] GC(1) Old regions: 0->0
[2020-09-11T01:38:14.669-0800][gc,heap      ] GC(1) Archive regions: 2->2
[2020-09-11T01:38:14.669-0800][gc,heap      ] GC(1) Humongous regions: 0->0
[2020-09-11T01:38:14.669-0800][gc,metaspace ] GC(1) Metaspace: 20530K(21248K)->20530K(21248K) NonClass: 17984K(18432K)->17984K(18432K) Class: 2545K(2816K)->2545K(2816K)
[2020-09-11T01:38:14.669-0800][gc           ] GC(1) Pause Young (Concurrent Start) (Metadata GC Threshold) 105M->8M(512M) 4.579ms
[2020-09-11T01:38:14.669-0800][gc,cpu       ] GC(1) User=0.03s Sys=0.01s Real=0.00s
[2020-09-11T01:38:14.669-0800][gc           ] GC(2) Concurrent Cycle
[2020-09-11T01:38:14.669-0800][gc,marking   ] GC(2) Concurrent Clear Claimed Marks
[2020-09-11T01:38:14.669-0800][gc,marking   ] GC(2) Concurrent Clear Claimed Marks 0.056ms
[2020-09-11T01:38:14.669-0800][gc,marking   ] GC(2) Concurrent Scan Root Regions
[2020-09-11T01:38:14.672-0800][gc,marking   ] GC(2) Concurrent Scan Root Regions 2.409ms
[2020-09-11T01:38:14.672-0800][gc,marking   ] GC(2) Concurrent Mark (6.938s)
[2020-09-11T01:38:14.672-0800][gc,marking   ] GC(2) Concurrent Mark From Roots
[2020-09-11T01:38:14.672-0800][gc,task      ] GC(2) Using 2 workers of 2 for marking
[2020-09-11T01:38:14.673-0800][gc,marking   ] GC(2) Concurrent Mark From Roots 0.894ms
[2020-09-11T01:38:14.673-0800][gc,marking   ] GC(2) Concurrent Preclean
[2020-09-11T01:38:14.673-0800][gc,marking   ] GC(2) Concurrent Preclean 0.023ms
[2020-09-11T01:38:14.673-0800][gc,marking   ] GC(2) Concurrent Mark (6.938s, 6.939s) 0.974ms
[2020-09-11T01:38:14.673-0800][gc,start     ] GC(2) Pause Remark
[2020-09-11T01:38:14.674-0800][gc           ] GC(2) Pause Remark 9M->9M(512M) 1.145ms
[2020-09-11T01:38:14.674-0800][gc,cpu       ] GC(2) User=0.01s Sys=0.00s Real=0.00s
[2020-09-11T01:38:14.674-0800][gc,marking   ] GC(2) Concurrent Rebuild Remembered Sets
[2020-09-11T01:38:14.675-0800][gc,marking   ] GC(2) Concurrent Rebuild Remembered Sets 0.382ms
[2020-09-11T01:38:14.675-0800][gc,start     ] GC(2) Pause Cleanup
[2020-09-11T01:38:14.675-0800][gc           ] GC(2) Pause Cleanup 9M->9M(512M) 0.072ms
[2020-09-11T01:38:14.675-0800][gc,cpu       ] GC(2) User=0.00s Sys=0.00s Real=0.00s
[2020-09-11T01:38:14.675-0800][gc,marking   ] GC(2) Concurrent Cleanup for Next Mark
[2020-09-11T01:38:14.677-0800][gc,marking   ] GC(2) Concurrent Cleanup for Next Mark 1.969ms
[2020-09-11T01:38:14.677-0800][gc           ] GC(2) Concurrent Cycle 7.780ms
[2020-09-11T01:38:16.017-0800][gc,start     ] GC(3) Pause Young (Normal) (G1 Evacuation Pause)
[2020-09-11T01:38:16.017-0800][gc,task      ] GC(3) Using 8 workers of 8 for evacuation
[2020-09-11T01:38:16.027-0800][gc,phases    ] GC(3)   Pre Evacuate Collection Set: 0.1ms
[2020-09-11T01:38:16.027-0800][gc,phases    ] GC(3)   Merge Heap Roots: 0.0ms
[2020-09-11T01:38:16.027-0800][gc,phases    ] GC(3)   Evacuate Collection Set: 9.0ms
[2020-09-11T01:38:16.027-0800][gc,phases    ] GC(3)   Post Evacuate Collection Set: 1.1ms
[2020-09-11T01:38:16.027-0800][gc,phases    ] GC(3)   Other: 0.2ms
[2020-09-11T01:38:16.027-0800][gc,heap      ] GC(3) Eden regions: 247->0(244)
[2020-09-11T01:38:16.027-0800][gc,heap      ] GC(3) Survivor regions: 9->12(32)
[2020-09-11T01:38:16.027-0800][gc,heap      ] GC(3) Old regions: 0->0
[2020-09-11T01:38:16.027-0800][gc,heap      ] GC(3) Archive regions: 2->2
[2020-09-11T01:38:16.027-0800][gc,heap      ] GC(3) Humongous regions: 0->0
[2020-09-11T01:38:16.027-0800][gc,metaspace ] GC(3) Metaspace: 23736K(24704K)->23736K(24704K) NonClass: 20844K(21504K)->20844K(21504K) Class: 2892K(3200K)->2892K(3200K)
[2020-09-11T01:38:16.027-0800][gc           ] GC(3) Pause Young (Normal) (G1 Evacuation Pause) 255M->12M(512M) 10.480ms
[2020-09-11T01:38:16.027-0800][gc,cpu       ] GC(3) User=0.04s Sys=0.01s Real=0.01s
[2020-09-11T01:38:17.969-0800][gc,start     ] GC(4) Pause Young (Normal) (G1 Evacuation Pause)
[2020-09-11T01:38:17.969-0800][gc,task      ] GC(4) Using 8 workers of 8 for evacuation
[2020-09-11T01:38:17.976-0800][gc,phases    ] GC(4)   Pre Evacuate Collection Set: 0.1ms
[2020-09-11T01:38:17.976-0800][gc,phases    ] GC(4)   Merge Heap Roots: 0.0ms
[2020-09-11T01:38:17.976-0800][gc,phases    ] GC(4)   Evacuate Collection Set: 5.8ms
[2020-09-11T01:38:17.976-0800][gc,phases    ] GC(4)   Post Evacuate Collection Set: 1.2ms
[2020-09-11T01:38:17.976-0800][gc,phases    ] GC(4)   Other: 0.2ms
[2020-09-11T01:38:17.976-0800][gc,heap      ] GC(4) Eden regions: 244->0(240)
[2020-09-11T01:38:17.976-0800][gc,heap      ] GC(4) Survivor regions: 12->16(32)
[2020-09-11T01:38:17.976-0800][gc,heap      ] GC(4) Old regions: 0->0
[2020-09-11T01:38:17.976-0800][gc,heap      ] GC(4) Archive regions: 2->2
[2020-09-11T01:38:17.976-0800][gc,heap      ] GC(4) Humongous regions: 0->0
[2020-09-11T01:38:17.976-0800][gc,metaspace ] GC(4) Metaspace: 26560K(27520K)->26560K(27520K) NonClass: 23249K(23808K)->23249K(23808K) Class: 3311K(3712K)->3311K(3712K)
[2020-09-11T01:38:17.976-0800][gc           ] GC(4) Pause Young (Normal) (G1 Evacuation Pause) 256M->16M(512M) 7.389ms
[2020-09-11T01:38:17.976-0800][gc,cpu       ] GC(4) User=0.05s Sys=0.01s Real=0.01s
[2020-09-11T01:38:20.313-0800][gc,start     ] GC(5) Pause Young (Concurrent Start) (Metadata GC Threshold)
[2020-09-11T01:38:20.313-0800][gc,task      ] GC(5) Using 8 workers of 8 for evacuation
[2020-09-11T01:38:20.323-0800][gc,phases    ] GC(5)   Pre Evacuate Collection Set: 0.1ms
[2020-09-11T01:38:20.323-0800][gc,phases    ] GC(5)   Merge Heap Roots: 0.0ms
[2020-09-11T01:38:20.323-0800][gc,phases    ] GC(5)   Evacuate Collection Set: 8.4ms
[2020-09-11T01:38:20.323-0800][gc,phases    ] GC(5)   Post Evacuate Collection Set: 1.3ms
[2020-09-11T01:38:20.323-0800][gc,phases    ] GC(5)   Other: 0.2ms
[2020-09-11T01:38:20.323-0800][gc,heap      ] GC(5) Eden regions: 160->0(233)
[2020-09-11T01:38:20.323-0800][gc,heap      ] GC(5) Survivor regions: 16->23(32)
[2020-09-11T01:38:20.323-0800][gc,heap      ] GC(5) Old regions: 0->0
[2020-09-11T01:38:20.323-0800][gc,heap      ] GC(5) Archive regions: 2->2
[2020-09-11T01:38:20.323-0800][gc,heap      ] GC(5) Humongous regions: 0->0
[2020-09-11T01:38:20.323-0800][gc,metaspace ] GC(5) Metaspace: 34684K(35840K)->34684K(35840K) NonClass: 30391K(31104K)->30391K(31104K) Class: 4293K(4736K)->4293K(4736K)
[2020-09-11T01:38:20.323-0800][gc           ] GC(5) Pause Young (Concurrent Start) (Metadata GC Threshold) 176M->23M(512M) 10.216ms
[2020-09-11T01:38:20.323-0800][gc,cpu       ] GC(5) User=0.07s Sys=0.00s Real=0.01s
[2020-09-11T01:38:20.323-0800][gc           ] GC(6) Concurrent Cycle
[2020-09-11T01:38:20.323-0800][gc,marking   ] GC(6) Concurrent Clear Claimed Marks
[2020-09-11T01:38:20.323-0800][gc,marking   ] GC(6) Concurrent Clear Claimed Marks 0.091ms
[2020-09-11T01:38:20.323-0800][gc,marking   ] GC(6) Concurrent Scan Root Regions
[2020-09-11T01:38:20.333-0800][gc,marking   ] GC(6) Concurrent Scan Root Regions 9.410ms
[2020-09-11T01:38:20.333-0800][gc,marking   ] GC(6) Concurrent Mark (12.599s)
[2020-09-11T01:38:20.333-0800][gc,marking   ] GC(6) Concurrent Mark From Roots
[2020-09-11T01:38:20.333-0800][gc,task      ] GC(6) Using 2 workers of 2 for marking
[2020-09-11T01:38:20.334-0800][gc,marking   ] GC(6) Concurrent Mark From Roots 1.332ms
[2020-09-11T01:38:20.334-0800][gc,marking   ] GC(6) Concurrent Preclean
[2020-09-11T01:38:20.334-0800][gc,marking   ] GC(6) Concurrent Preclean 0.030ms
[2020-09-11T01:38:20.334-0800][gc,marking   ] GC(6) Concurrent Mark (12.599s, 12.600s) 1.436ms
[2020-09-11T01:38:20.335-0800][gc,start     ] GC(6) Pause Remark
[2020-09-11T01:38:20.336-0800][gc           ] GC(6) Pause Remark 24M->24M(512M) 1.683ms
[2020-09-11T01:38:20.336-0800][gc,cpu       ] GC(6) User=0.01s Sys=0.00s Real=0.00s
[2020-09-11T01:38:20.336-0800][gc,marking   ] GC(6) Concurrent Rebuild Remembered Sets
[2020-09-11T01:38:20.337-0800][gc,marking   ] GC(6) Concurrent Rebuild Remembered Sets 0.464ms
[2020-09-11T01:38:20.337-0800][gc,start     ] GC(6) Pause Cleanup
[2020-09-11T01:38:20.337-0800][gc           ] GC(6) Pause Cleanup 24M->24M(512M) 0.105ms
[2020-09-11T01:38:20.337-0800][gc,cpu       ] GC(6) User=0.00s Sys=0.00s Real=0.00s
[2020-09-11T01:38:20.337-0800][gc,marking   ] GC(6) Concurrent Cleanup for Next Mark
[2020-09-11T01:38:20.340-0800][gc,marking   ] GC(6) Concurrent Cleanup for Next Mark 2.748ms
[2020-09-11T01:38:20.340-0800][gc           ] GC(6) Concurrent Cycle 16.757ms
[2020-09-11T01:38:26.136-0800][gc,heap,exit ] Heap
[2020-09-11T01:38:26.136-0800][gc,heap,exit ]  garbage-first heap   total 524288K, used 227117K [0x00000007e0000000, 0x0000000800000000)
[2020-09-11T01:38:26.136-0800][gc,heap,exit ]   region size 1024K, 222 young (227328K), 23 survivors (23552K)
[2020-09-11T01:38:26.136-0800][gc,heap,exit ]  Metaspace       used 46355K, capacity 47427K, committed 47872K, reserved 1091584K
[2020-09-11T01:38:26.136-0800][gc,heap,exit ]   class space    used 5716K, capacity 6108K, committed 6144K, reserved 1048576K
