[2020-09-11T01:33:03.171-0800][gc,heap] Heap region size: 1M
[2020-09-11T01:33:03.171-0800][gc,heap,coops] Heap address: 0x00000007e0000000, size: 512 MB, Compressed Oops mode: Zero based, Oop shift amount: 3
[2020-09-11T01:33:03.175-0800][gc           ] Using G1
[2020-09-11T01:33:03.176-0800][gc,cds       ] Mark closed archive regions in map: [0x00000007fff00000, 0x00000007fff7aff8]
[2020-09-11T01:33:03.176-0800][gc,cds       ] Mark open archive regions in map: [0x00000007ffe00000, 0x00000007ffe50ff8]
[2020-09-11T01:33:03.191-0800][gc           ] Periodic GC disabled
[2020-09-11T01:33:09.384-0800][gc,start     ] GC(0) Pause Young (Normal) (G1 Evacuation Pause)
[2020-09-11T01:33:09.385-0800][gc,task      ] GC(0) Using 8 workers of 8 for evacuation
[2020-09-11T01:33:09.391-0800][gc,phases    ] GC(0)   Pre Evacuate Collection Set: 0.1ms
[2020-09-11T01:33:09.391-0800][gc,phases    ] GC(0)   Merge Heap Roots: 0.1ms
[2020-09-11T01:33:09.391-0800][gc,phases    ] GC(0)   Evacuate Collection Set: 5.3ms
[2020-09-11T01:33:09.391-0800][gc,phases    ] GC(0)   Post Evacuate Collection Set: 0.7ms
[2020-09-11T01:33:09.391-0800][gc,phases    ] GC(0)   Other: 0.5ms
[2020-09-11T01:33:09.391-0800][gc,heap      ] GC(0) Eden regions: 256->0(249)
[2020-09-11T01:33:09.391-0800][gc,heap      ] GC(0) Survivor regions: 0->7(32)
[2020-09-11T01:33:09.391-0800][gc,heap      ] GC(0) Old regions: 0->0
[2020-09-11T01:33:09.391-0800][gc,heap      ] GC(0) Archive regions: 2->2
[2020-09-11T01:33:09.391-0800][gc,heap      ] GC(0) Humongous regions: 0->0
[2020-09-11T01:33:09.391-0800][gc,metaspace ] GC(0) Metaspace: 18053K(18944K)->18053K(18944K) NonClass: 15820K(16384K)->15820K(16384K) Class: 2232K(2560K)->2232K(2560K)
[2020-09-11T01:33:09.391-0800][gc           ] GC(0) Pause Young (Normal) (G1 Evacuation Pause) 256M->7M(512M) 6.816ms
[2020-09-11T01:33:09.391-0800][gc,cpu       ] GC(0) User=0.04s Sys=0.01s Real=0.01s
[2020-09-11T01:33:09.895-0800][gc,start     ] GC(1) Pause Young (Concurrent Start) (Metadata GC Threshold)
[2020-09-11T01:33:09.895-0800][gc,task      ] GC(1) Using 8 workers of 8 for evacuation
[2020-09-11T01:33:09.900-0800][gc,phases    ] GC(1)   Pre Evacuate Collection Set: 0.1ms
[2020-09-11T01:33:09.900-0800][gc,phases    ] GC(1)   Merge Heap Roots: 0.0ms
[2020-09-11T01:33:09.900-0800][gc,phases    ] GC(1)   Evacuate Collection Set: 3.6ms
[2020-09-11T01:33:09.900-0800][gc,phases    ] GC(1)   Post Evacuate Collection Set: 0.5ms
[2020-09-11T01:33:09.900-0800][gc,phases    ] GC(1)   Other: 0.2ms
[2020-09-11T01:33:09.900-0800][gc,heap      ] GC(1) Eden regions: 113->0(248)
[2020-09-11T01:33:09.900-0800][gc,heap      ] GC(1) Survivor regions: 7->8(32)
[2020-09-11T01:33:09.900-0800][gc,heap      ] GC(1) Old regions: 0->0
[2020-09-11T01:33:09.900-0800][gc,heap      ] GC(1) Archive regions: 2->2
[2020-09-11T01:33:09.900-0800][gc,heap      ] GC(1) Humongous regions: 0->0
[2020-09-11T01:33:09.900-0800][gc,metaspace ] GC(1) Metaspace: 20550K(21248K)->20550K(21248K) NonClass: 18003K(18432K)->18003K(18432K) Class: 2546K(2816K)->2546K(2816K)
[2020-09-11T01:33:09.900-0800][gc           ] GC(1) Pause Young (Concurrent Start) (Metadata GC Threshold) 120M->8M(512M) 4.532ms
[2020-09-11T01:33:09.900-0800][gc,cpu       ] GC(1) User=0.03s Sys=0.00s Real=0.01s
[2020-09-11T01:33:09.900-0800][gc           ] GC(2) Concurrent Cycle
[2020-09-11T01:33:09.900-0800][gc,marking   ] GC(2) Concurrent Clear Claimed Marks
[2020-09-11T01:33:09.900-0800][gc,marking   ] GC(2) Concurrent Clear Claimed Marks 0.048ms
[2020-09-11T01:33:09.900-0800][gc,marking   ] GC(2) Concurrent Scan Root Regions
[2020-09-11T01:33:09.903-0800][gc,marking   ] GC(2) Concurrent Scan Root Regions 3.325ms
[2020-09-11T01:33:09.903-0800][gc,marking   ] GC(2) Concurrent Mark (6.738s)
[2020-09-11T01:33:09.903-0800][gc,marking   ] GC(2) Concurrent Mark From Roots
[2020-09-11T01:33:09.903-0800][gc,task      ] GC(2) Using 2 workers of 2 for marking
[2020-09-11T01:33:09.905-0800][gc,marking   ] GC(2) Concurrent Mark From Roots 1.095ms
[2020-09-11T01:33:09.905-0800][gc,marking   ] GC(2) Concurrent Preclean
[2020-09-11T01:33:09.905-0800][gc,marking   ] GC(2) Concurrent Preclean 0.025ms
[2020-09-11T01:33:09.905-0800][gc,marking   ] GC(2) Concurrent Mark (6.738s, 6.739s) 1.252ms
[2020-09-11T01:33:09.905-0800][gc,start     ] GC(2) Pause Remark
[2020-09-11T01:33:09.906-0800][gc           ] GC(2) Pause Remark 9M->9M(512M) 0.972ms
[2020-09-11T01:33:09.906-0800][gc,cpu       ] GC(2) User=0.01s Sys=0.00s Real=0.00s
[2020-09-11T01:33:09.906-0800][gc,marking   ] GC(2) Concurrent Rebuild Remembered Sets
[2020-09-11T01:33:09.906-0800][gc,marking   ] GC(2) Concurrent Rebuild Remembered Sets 0.359ms
[2020-09-11T01:33:09.907-0800][gc,start     ] GC(2) Pause Cleanup
[2020-09-11T01:33:09.907-0800][gc           ] GC(2) Pause Cleanup 9M->9M(512M) 0.128ms
[2020-09-11T01:33:09.907-0800][gc,cpu       ] GC(2) User=0.00s Sys=0.00s Real=0.00s
[2020-09-11T01:33:09.907-0800][gc,marking   ] GC(2) Concurrent Cleanup for Next Mark
[2020-09-11T01:33:09.910-0800][gc,marking   ] GC(2) Concurrent Cleanup for Next Mark 2.715ms
[2020-09-11T01:33:09.910-0800][gc           ] GC(2) Concurrent Cycle 9.658ms
[2020-09-11T01:33:10.844-0800][gc,start     ] GC(3) Pause Young (Normal) (G1 Evacuation Pause)
[2020-09-11T01:33:10.844-0800][gc,task      ] GC(3) Using 8 workers of 8 for evacuation
[2020-09-11T01:33:10.850-0800][gc,phases    ] GC(3)   Pre Evacuate Collection Set: 0.1ms
[2020-09-11T01:33:10.850-0800][gc,phases    ] GC(3)   Merge Heap Roots: 0.1ms
[2020-09-11T01:33:10.850-0800][gc,phases    ] GC(3)   Evacuate Collection Set: 5.2ms
[2020-09-11T01:33:10.850-0800][gc,phases    ] GC(3)   Post Evacuate Collection Set: 0.8ms
[2020-09-11T01:33:10.850-0800][gc,phases    ] GC(3)   Other: 0.1ms
[2020-09-11T01:33:10.850-0800][gc,heap      ] GC(3) Eden regions: 248->0(243)
[2020-09-11T01:33:10.850-0800][gc,heap      ] GC(3) Survivor regions: 8->13(32)
[2020-09-11T01:33:10.850-0800][gc,heap      ] GC(3) Old regions: 0->0
[2020-09-11T01:33:10.850-0800][gc,heap      ] GC(3) Archive regions: 2->2
[2020-09-11T01:33:10.850-0800][gc,heap      ] GC(3) Humongous regions: 0->0
[2020-09-11T01:33:10.850-0800][gc,metaspace ] GC(3) Metaspace: 23770K(24704K)->23770K(24704K) NonClass: 20874K(21504K)->20874K(21504K) Class: 2895K(3200K)->2895K(3200K)
[2020-09-11T01:33:10.850-0800][gc           ] GC(3) Pause Young (Normal) (G1 Evacuation Pause) 256M->12M(512M) 6.318ms
[2020-09-11T01:33:10.850-0800][gc,cpu       ] GC(3) User=0.03s Sys=0.00s Real=0.01s
[2020-09-11T01:33:11.690-0800][gc,start     ] GC(4) Pause Young (Normal) (G1 Evacuation Pause)
[2020-09-11T01:33:11.690-0800][gc,task      ] GC(4) Using 8 workers of 8 for evacuation
[2020-09-11T01:33:11.697-0800][gc,phases    ] GC(4)   Pre Evacuate Collection Set: 0.1ms
[2020-09-11T01:33:11.697-0800][gc,phases    ] GC(4)   Merge Heap Roots: 0.0ms
[2020-09-11T01:33:11.697-0800][gc,phases    ] GC(4)   Evacuate Collection Set: 6.4ms
[2020-09-11T01:33:11.697-0800][gc,phases    ] GC(4)   Post Evacuate Collection Set: 0.9ms
[2020-09-11T01:33:11.697-0800][gc,phases    ] GC(4)   Other: 0.1ms
[2020-09-11T01:33:11.697-0800][gc,heap      ] GC(4) Eden regions: 243->0(241)
[2020-09-11T01:33:11.697-0800][gc,heap      ] GC(4) Survivor regions: 13->15(32)
[2020-09-11T01:33:11.697-0800][gc,heap      ] GC(4) Old regions: 0->0
[2020-09-11T01:33:11.697-0800][gc,heap      ] GC(4) Archive regions: 2->2
[2020-09-11T01:33:11.697-0800][gc,heap      ] GC(4) Humongous regions: 0->0
[2020-09-11T01:33:11.697-0800][gc,metaspace ] GC(4) Metaspace: 26488K(27520K)->26488K(27520K) NonClass: 23188K(23808K)->23188K(23808K) Class: 3300K(3712K)->3300K(3712K)
[2020-09-11T01:33:11.697-0800][gc           ] GC(4) Pause Young (Normal) (G1 Evacuation Pause) 255M->15M(512M) 7.607ms
[2020-09-11T01:33:11.697-0800][gc,cpu       ] GC(4) User=0.05s Sys=0.00s Real=0.00s
[2020-09-11T01:33:12.588-0800][gc,start     ] GC(5) Pause Young (Concurrent Start) (Metadata GC Threshold)
[2020-09-11T01:33:12.588-0800][gc,task      ] GC(5) Using 8 workers of 8 for evacuation
[2020-09-11T01:33:12.599-0800][gc,phases    ] GC(5)   Pre Evacuate Collection Set: 0.2ms
[2020-09-11T01:33:12.599-0800][gc,phases    ] GC(5)   Merge Heap Roots: 0.0ms
[2020-09-11T01:33:12.599-0800][gc,phases    ] GC(5)   Evacuate Collection Set: 8.8ms
[2020-09-11T01:33:12.599-0800][gc,phases    ] GC(5)   Post Evacuate Collection Set: 1.3ms
[2020-09-11T01:33:12.599-0800][gc,phases    ] GC(5)   Other: 0.1ms
[2020-09-11T01:33:12.599-0800][gc,heap      ] GC(5) Eden regions: 166->0(233)
[2020-09-11T01:33:12.599-0800][gc,heap      ] GC(5) Survivor regions: 15->23(32)
[2020-09-11T01:33:12.599-0800][gc,heap      ] GC(5) Old regions: 0->0
[2020-09-11T01:33:12.599-0800][gc,heap      ] GC(5) Archive regions: 2->2
[2020-09-11T01:33:12.599-0800][gc,heap      ] GC(5) Humongous regions: 0->0
[2020-09-11T01:33:12.599-0800][gc,metaspace ] GC(5) Metaspace: 34698K(35840K)->34698K(35840K) NonClass: 30405K(31104K)->30405K(31104K) Class: 4293K(4736K)->4293K(4736K)
[2020-09-11T01:33:12.599-0800][gc           ] GC(5) Pause Young (Concurrent Start) (Metadata GC Threshold) 181M->23M(512M) 10.568ms
[2020-09-11T01:33:12.599-0800][gc,cpu       ] GC(5) User=0.07s Sys=0.00s Real=0.01s
[2020-09-11T01:33:12.599-0800][gc           ] GC(6) Concurrent Cycle
[2020-09-11T01:33:12.599-0800][gc,marking   ] GC(6) Concurrent Clear Claimed Marks
[2020-09-11T01:33:12.599-0800][gc,marking   ] GC(6) Concurrent Clear Claimed Marks 0.098ms
[2020-09-11T01:33:12.599-0800][gc,marking   ] GC(6) Concurrent Scan Root Regions
[2020-09-11T01:33:12.605-0800][gc,marking   ] GC(6) Concurrent Scan Root Regions 6.364ms
[2020-09-11T01:33:12.605-0800][gc,marking   ] GC(6) Concurrent Mark (9.440s)
[2020-09-11T01:33:12.605-0800][gc,marking   ] GC(6) Concurrent Mark From Roots
[2020-09-11T01:33:12.605-0800][gc,task      ] GC(6) Using 2 workers of 2 for marking
[2020-09-11T01:33:12.606-0800][gc,marking   ] GC(6) Concurrent Mark From Roots 0.794ms
[2020-09-11T01:33:12.606-0800][gc,marking   ] GC(6) Concurrent Preclean
[2020-09-11T01:33:12.606-0800][gc,marking   ] GC(6) Concurrent Preclean 0.019ms
[2020-09-11T01:33:12.606-0800][gc,marking   ] GC(6) Concurrent Mark (9.440s, 9.441s) 0.847ms
[2020-09-11T01:33:12.606-0800][gc,start     ] GC(6) Pause Remark
[2020-09-11T01:33:12.608-0800][gc           ] GC(6) Pause Remark 25M->25M(512M) 1.741ms
[2020-09-11T01:33:12.608-0800][gc,cpu       ] GC(6) User=0.01s Sys=0.00s Real=0.00s
[2020-09-11T01:33:12.608-0800][gc,marking   ] GC(6) Concurrent Rebuild Remembered Sets
[2020-09-11T01:33:12.609-0800][gc,marking   ] GC(6) Concurrent Rebuild Remembered Sets 0.366ms
[2020-09-11T01:33:12.609-0800][gc,start     ] GC(6) Pause Cleanup
[2020-09-11T01:33:12.609-0800][gc           ] GC(6) Pause Cleanup 25M->25M(512M) 0.079ms
[2020-09-11T01:33:12.609-0800][gc,cpu       ] GC(6) User=0.00s Sys=0.00s Real=0.00s
[2020-09-11T01:33:12.609-0800][gc,marking   ] GC(6) Concurrent Cleanup for Next Mark
[2020-09-11T01:33:12.611-0800][gc,marking   ] GC(6) Concurrent Cleanup for Next Mark 2.417ms
[2020-09-11T01:33:12.612-0800][gc           ] GC(6) Concurrent Cycle 12.668ms
[2020-09-11T01:33:16.831-0800][gc,heap,exit ] Heap
[2020-09-11T01:33:16.831-0800][gc,heap,exit ]  garbage-first heap   total 524288K, used 227117K [0x00000007e0000000, 0x0000000800000000)
[2020-09-11T01:33:16.831-0800][gc,heap,exit ]   region size 1024K, 222 young (227328K), 23 survivors (23552K)
[2020-09-11T01:33:16.831-0800][gc,heap,exit ]  Metaspace       used 46267K, capacity 47361K, committed 47616K, reserved 1091584K
[2020-09-11T01:33:16.831-0800][gc,heap,exit ]   class space    used 5708K, capacity 6108K, committed 6144K, reserved 1048576K
